ARM Linker, 5.03 [Build 76] [MDK-ARM Professional]

==============================================================================

Section Cross References

    startup.o(STACK) refers (Special) to heapauxi.o(.text) for __use_two_region_memory
    startup.o(HEAP) refers (Special) to heapauxi.o(.text) for __use_two_region_memory
    startup.o(RESET) refers (Special) to heapauxi.o(.text) for __use_two_region_memory
    startup.o(RESET) refers to startup.o(STACK) for StackMem
    startup.o(RESET) refers to spaceinvaders.o(i.GPIOPortE_Handler) for GPIOPortE_Handler
    startup.o(RESET) refers to timer0.o(i.Timer0A_Handler) for Timer0A_Handler
    startup.o(RESET) refers to sound.o(i.Timer1A_Handler) for Timer1A_Handler
    startup.o(RESET) refers to texas.o(.text) for Timer4A_Handler
    startup.o(RESET) refers to __main.o(!!!main) for __main
    startup.o(.text) refers (Special) to heapauxi.o(.text) for __use_two_region_memory
    startup.o(.text) refers to startup.o(HEAP) for HeapMem
    startup.o(.text) refers to startup.o(STACK) for StackMem
    random.o(.text) refers to random.o(DATA) for M
    timer0.o(i.Timer0A_Handler) refers to timer0.o(.data) for PeriodicTask0
    timer0.o(i.Timer0_Init) refers to timer0.o(.data) for PeriodicTask0
    sound.o(i.Sound_Beep) refers to sound.o(i.Sound_Play) for Sound_Play
    sound.o(i.Sound_Beep) refers to sound.o(.constdata) for Beep
    sound.o(i.Sound_CardFlip) refers to sound.o(i.Sound_Play) for Sound_Play
    sound.o(i.Sound_CardFlip) refers to sound.o(.constdata) for FlipBeep
    sound.o(i.Sound_Click) refers to sound.o(i.Sound_Play) for Sound_Play
    sound.o(i.Sound_Click) refers to sound.o(.constdata) for Click
    sound.o(i.Sound_Init) refers to dac.o(i.DAC_Init) for DAC_Init
    sound.o(i.Sound_Init) refers to timer1.o(i.Timer1_Init) for Timer1_Init
    sound.o(i.Sound_Lose) refers to sound.o(i.Sound_Play) for Sound_Play
    sound.o(i.Sound_Lose) refers to sound.o(.constdata) for Lose
    sound.o(i.Sound_Play) refers to sound.o(.data) for CurrSound
    sound.o(i.Sound_Swoosh) refers to sound.o(i.Sound_Play) for Sound_Play
    sound.o(i.Sound_Swoosh) refers to sound.o(.constdata) for Swoosh
    sound.o(i.Sound_Win) refers to sound.o(i.Sound_Play) for Sound_Play
    sound.o(i.Sound_Win) refers to sound.o(.constdata) for Win
    sound.o(i.Timer1A_Handler) refers to dac.o(i.DAC_Out) for DAC_Out
    sound.o(i.Timer1A_Handler) refers to sound.o(.data) for SoundCount
    print.o(.text) refers (Special) to st7735.o(i.ST7735_OutString) for ST7735_OutString
    print.o(.text) refers to st7735.o(i.ST7735_OutChar) for ST7735_OutChar
    spaceinvaders.o(i.Check_Cursor) refers to adc.o(i.ADC_In) for ADC_In
    spaceinvaders.o(i.Check_Cursor) refers to spaceinvaders.o(i.Convert) for Convert
    spaceinvaders.o(i.Check_Cursor) refers to spaceinvaders.o(.data) for CurrentCursor
    spaceinvaders.o(i.Check_Cursor) refers to spaceinvaders.o(.bss) for Cursor
    spaceinvaders.o(i.Check_GameOver) refers to spaceinvaders.o(.data) for UserIndex
    spaceinvaders.o(i.Check_Winner) refers to spaceinvaders.o(.data) for FlippedFlag
    spaceinvaders.o(i.Check_Winner) refers to spaceinvaders.o(.bss) for SelectedCard
    spaceinvaders.o(i.Cursor_Init) refers to spaceinvaders.o(.bss) for Cursor
    spaceinvaders.o(i.Deck_Init) refers to random.o(.text) for Random
    spaceinvaders.o(i.Deck_Init) refers to spaceinvaders.o(.bss) for Deck
    spaceinvaders.o(i.Deck_Init) refers to spaceinvaders.o(.data) for images
    spaceinvaders.o(i.Flip_Cards) refers to spaceinvaders.o(.data) for FlipButton
    spaceinvaders.o(i.Flip_Cards) refers to spaceinvaders.o(.bss) for SelectedCard
    spaceinvaders.o(i.GPIOPortE_Handler) refers to spaceinvaders.o(.data) for SelectButton
    spaceinvaders.o(i.Move_Down) refers to uart.o(i.UART_OutChar) for UART_OutChar
    spaceinvaders.o(i.Move_Down) refers to uart.o(i.UART_InChar) for UART_InChar
    spaceinvaders.o(i.Move_Down) refers to spaceinvaders.o(.data) for MoveDownFlag
    spaceinvaders.o(i.Move_Down) refers to spaceinvaders.o(.bss) for SelectedCard
    spaceinvaders.o(i.Move_Down) refers to spaceinvaders.o(.constdata) for Back
    spaceinvaders.o(i.Move_Middle) refers to spaceinvaders.o(.data) for MoveMiddleFlag
    spaceinvaders.o(i.Move_Middle) refers to spaceinvaders.o(.bss) for SelectedCard
    spaceinvaders.o(i.Move_OffScreen) refers to spaceinvaders.o(.data) for CheckWinnerFlag
    spaceinvaders.o(i.Move_OffScreen) refers to spaceinvaders.o(.bss) for Player
    spaceinvaders.o(i.Player_Init) refers to spaceinvaders.o(.bss) for Player
    spaceinvaders.o(i.Player_Init) refers to spaceinvaders.o(.data) for TableStatus
    spaceinvaders.o(i.Select_Card) refers to spaceinvaders.o(.data) for SelectButton
    spaceinvaders.o(i.Select_Card) refers to spaceinvaders.o(.bss) for Player
    spaceinvaders.o(i.Spawn_Card) refers to spaceinvaders.o(.data) for EndTurn
    spaceinvaders.o(i.Spawn_Card) refers to spaceinvaders.o(.bss) for Player
[...]
    st7735.o(i.ST7735_DrawFastVLine) refers to lcd.o(.text) for writedata
    st7735.o(i.ST7735_DrawFastVLine) refers to st7735.o(.data) for _width
    st7735.o(i.ST7735_DrawPixel) refers to st7735.o(i.setAddrWindow) for setAddrWindow
    st7735.o(i.ST7735_DrawPixel) refers to st7735.o(i.pushColor) for pushColor
    st7735.o(i.ST7735_DrawPixel) refers to st7735.o(.data) for _width
    st7735.o(i.ST7735_DrawString) refers to st7735.o(i.ST7735_DrawCharS) for ST7735_DrawCharS
    st7735.o(i.ST7735_FillRect) refers to st7735.o(i.setAddrWindow) for setAddrWindow
    st7735.o(i.ST7735_FillRect) refers to lcd.o(.text) for writedata
    st7735.o(i.ST7735_FillRect) refers to st7735.o(.data) for _width
    st7735.o(i.ST7735_FillScreen) refers to st7735.o(i.ST7735_FillRect) for ST7735_FillRect
    st7735.o(i.ST7735_FillScreen) refers to st7735.o(.data) for _height
    st7735.o(i.ST7735_InitB) refers to st7735.o(i.commonInit) for commonInit
    st7735.o(i.ST7735_InitB) refers to st7735.o(i.ST7735_SetCursor) for ST7735_SetCursor
    st7735.o(i.ST7735_InitB) refers to st7735.o(i.ST7735_FillScreen) for ST7735_FillScreen
    st7735.o(i.ST7735_InitB) refers to st7735.o(.constdata) for Bcmd
    st7735.o(i.ST7735_InitB) refers to st7735.o(.data) for StTextColor
    st7735.o(i.ST7735_InitR) refers to st7735.o(i.commonInit) for commonInit
    st7735.o(i.ST7735_InitR) refers to st7735.o(i.commandList) for commandList
    st7735.o(i.ST7735_InitR) refers to lcd.o(.text) for writecommand
    st7735.o(i.ST7735_InitR) refers to st7735.o(i.ST7735_SetCursor) for ST7735_SetCursor
    st7735.o(i.ST7735_InitR) refers to st7735.o(i.ST7735_FillScreen) for ST7735_FillScreen
    st7735.o(i.ST7735_InitR) refers to st7735.o(.constdata) for Rcmd1
    st7735.o(i.ST7735_InitR) refers to st7735.o(.data) for ColStart
    st7735.o(i.ST7735_InvertDisplay) refers to lcd.o(.text) for writecommand
    st7735.o(i.ST7735_OutChar) refers to st7735.o(i.ST7735_DrawString) for ST7735_DrawString
    st7735.o(i.ST7735_OutChar) refers to st7735.o(i.ST7735_Color565) for ST7735_Color565
    st7735.o(i.ST7735_OutChar) refers to st7735.o(i.ST7735_DrawCharS) for ST7735_DrawCharS
    st7735.o(i.ST7735_OutChar) refers to st7735.o(.data) for StY
    st7735.o(i.ST7735_OutString) refers to st7735.o(i.ST7735_OutChar) for ST7735_OutChar
    st7735.o(i.ST7735_OutUDec) refers to st7735.o(i.fillmessage) for fillmessage
    st7735.o(i.ST7735_OutUDec) refers to st7735.o(i.ST7735_DrawString) for ST7735_DrawString
    st7735.o(i.ST7735_OutUDec) refers to st7735.o(i.ST7735_DrawCharS) for ST7735_DrawCharS
    st7735.o(i.ST7735_OutUDec) refers to st7735.o(.data) for Messageindex
    st7735.o(i.ST7735_OutUDec) refers to st7735.o(.bss) for Message
    st7735.o(i.ST7735_PlotBar) refers to st7735.o(i.ST7735_DrawFastVLine) for ST7735_DrawFastVLine
    st7735.o(i.ST7735_PlotBar) refers to st7735.o(.data) for Ymin
    st7735.o(i.ST7735_PlotClear) refers to st7735.o(i.ST7735_Color565) for ST7735_Color565
    st7735.o(i.ST7735_PlotClear) refers to st7735.o(i.ST7735_FillRect) for ST7735_FillRect
    st7735.o(i.ST7735_PlotClear) refers to st7735.o(.data) for Ymax
    st7735.o(i.ST7735_PlotLine) refers to st7735.o(i.ST7735_DrawPixel) for ST7735_DrawPixel
    st7735.o(i.ST7735_PlotLine) refers to st7735.o(.data) for Ymin
    st7735.o(i.ST7735_PlotNext) refers to st7735.o(.data) for X
    st7735.o(i.ST7735_PlotNextErase) refers to st7735.o(i.ST7735_Color565) for ST7735_Color565
    st7735.o(i.ST7735_PlotNextErase) refers to st7735.o(i.ST7735_DrawFastVLine) for ST7735_DrawFastVLine
    st7735.o(i.ST7735_PlotNextErase) refers to st7735.o(.data) for X
    st7735.o(i.ST7735_PlotPoint) refers to st7735.o(i.ST7735_DrawPixel) for ST7735_DrawPixel
    st7735.o(i.ST7735_PlotPoint) refers to st7735.o(.data) for Ymin
    st7735.o(i.ST7735_PlotPoints) refers to st7735.o(i.ST7735_DrawPixel) for ST7735_DrawPixel
    st7735.o(i.ST7735_PlotPoints) refers to st7735.o(.data) for Ymin
    st7735.o(i.ST7735_PlotdBfs) refers to st7735.o(i.ST7735_DrawFastVLine) for ST7735_DrawFastVLine
    st7735.o(i.ST7735_PlotdBfs) refers to st7735.o(.constdata) for dBfs
    st7735.o(i.ST7735_PlotdBfs) refers to st7735.o(.data) for X
    st7735.o(i.ST7735_SetCursor) refers to st7735.o(.data) for StX
    st7735.o(i.ST7735_SetRotation) refers to lcd.o(.text) for writecommand
    st7735.o(i.ST7735_SetRotation) refers to st7735.o(.data) for Rotation
    st7735.o(i.ST7735_SetTextColor) refers to st7735.o(.data) for StTextColor
    st7735.o(i.commandList) refers to lcd.o(.text) for writecommand
    st7735.o(i.commandList) refers to st7735.o(i.Delay1ms) for Delay1ms
    st7735.o(i.commonInit) refers to st7735.o(i.Delay1ms) for Delay1ms
    st7735.o(i.commonInit) refers to st7735.o(i.commandList) for commandList
    st7735.o(i.commonInit) refers to st7735.o(.data) for RowStart
    st7735.o(i.fillmessage) refers to st7735.o(.bss) for Message
    st7735.o(i.fillmessage) refers to st7735.o(.data) for Messageindex
    st7735.o(i.fputc) refers to st7735.o(i.ST7735_OutChar) for ST7735_OutChar
    st7735.o(i.pushColor) refers to lcd.o(.text) for writedata
    st7735.o(i.setAddrWindow) refers to lcd.o(.text) for writecommand
    st7735.o(i.setAddrWindow) refers to st7735.o(.data) for ColStart
    texas.o(.text) refers to texas.o(.bss) for TExaS
    texas.o(.text) refers to texas.o(.constdata) for IntroMsg
    texas.o(.text) refers to texas.o(.data) for LastMode
    __main.o(!!!main) refers to rtentry.o(.ARM.Collect$$rtentry$$00000000) for __rt_entry
    rtentry.o(.ARM.Collect$$rtentry$$00000000) refers (Special) to rtentry2.o(.ARM.Collect$$rtentry$$0000000A) for __rt_entry_li
    rtentry.o(.ARM.Collect$$rtentry$$00000000) refers (Special) to rtentry2.o(.ARM.Collect$$rtentry$$0000000D) for __rt_entry_main
    rtentry.o(.ARM.Collect$$rtentry$$00000000) refers (Special) to rtentry2.o(.ARM.Collect$$rtentry$$0000000C) for __rt_entry_postli_1
    rtentry.o(.ARM.Collect$$rtentry$$00000000) refers (Special) to rtentry2.o(.ARM.Collect$$rtentry$$00000009) for __rt_entry_postsh_1
    rtentry.o(.ARM.Collect$$rtentry$$00000000) refers (Special) to rtentry2.o(.ARM.Collect$$rtentry$$00000002) for __rt_entry_presh_1
    rtentry.o(.ARM.Collect$$rtentry$$00000000) refers (Special) to rtentry4.o(.ARM.Collect$$rtentry$$00000004) for __rt_entry_sh
    rtentry2.o(.ARM.Collect$$rtentry$$00000008) refers to boardinit2.o(.text) for _platform_post_stackheap_init
    rtentry2.o(.ARM.Collect$$rtentry$$0000000A) refers to libinit.o(.ARM.Collect$$libinit$$00000000) for __rt_lib_init
    rtentry2.o(.ARM.Collect$$rtentry$$0000000B) refers to boardinit3.o(.text) for _platform_post_lib_init
    rtentry2.o(.ARM.Collect$$rtentry$$0000000D) refers to spaceinvaders.o(i.main) for main
    rtentry2.o(.ARM.Collect$$rtentry$$0000000D) refers to exit.o(.text) for exit
    rtentry2.o(.ARM.exidx) refers to rtentry2.o(.ARM.Collect$$rtentry$$00000001) for .ARM.Collect$$rtentry$$00000001
    rtentry2.o(.ARM.exidx) refers to rtentry2.o(.ARM.Collect$$rtentry$$00000008) for .ARM.Collect$$rtentry$$00000008
    rtentry2.o(.ARM.exidx) refers to rtentry2.o(.ARM.Collect$$rtentry$$0000000A) for .ARM.Collect$$rtentry$$0000000A
    rtentry2.o(.ARM.exidx) refers to rtentry2.o(.ARM.Collect$$rtentry$$0000000B) for .ARM.Collect$$rtentry$$0000000B
    rtentry2.o(.ARM.exidx) refers to rtentry2.o(.ARM.Collect$$rtentry$$0000000D) for .ARM.Collect$$rtentry$$0000000D
    rtentry4.o(.ARM.Collect$$rtentry$$00000004) refers to sys_stackheap_outer.o(.text) for __user_setup_stackheap
    rtentry4.o(.ARM.exidx) refers to rtentry4.o(.ARM.Collect$$rtentry$$00000004) for .ARM.Collect$$rtentry$$00000004
    sys_stackheap_outer.o(.text) refers to libspace.o(.text) for __user_perproc_libspace
    sys_stackheap_outer.o(.text) refers to startup.o(.text) for __user_initial_stackheap
    exit.o(.text) refers to rtexit.o(.ARM.Collect$$rtexit$$00000000) for __rt_exit
    libinit.o(.ARM.Collect$$libinit$$00000000) refers (Special) to libinit2.o(.ARM.Collect$$libinit$$0000002C) for __rt_lib_init_alloca_1
    libinit.o(.ARM.Collect$$libinit$$00000000) refers (Special) to libinit2.o(.ARM.Collect$$libinit$$0000002A) for __rt_lib_init_argv_1
    libinit.o(.ARM.Collect$$libinit$$00000000) refers (Special) to libinit2.o(.ARM.Collect$$libinit$$00000019) for __rt_lib_init_atexit_1
    libinit.o(.ARM.Collect$$libinit$$00000000) refers (Special) to libinit2.o(.ARM.Collect$$libinit$$0000001F) for __rt_lib_init_clock_1
    libinit.o(.ARM.Collect$$libinit$$00000000) refers (Special) to libinit2.o(.ARM.Collect$$libinit$$00000030) for __rt_lib_init_cpp_1
    libinit.o(.ARM.Collect$$libinit$$00000000) refers (Special) to libinit2.o(.ARM.Collect$$libinit$$0000002E) for __rt_lib_init_exceptions_1
    libinit.o(.ARM.Collect$$libinit$$00000000) refers (Special) to libinit2.o(.ARM.Collect$$libinit$$00000002) for __rt_lib_init_fp_1
    libinit.o(.ARM.Collect$$libinit$$00000000) refers (Special) to libinit2.o(.ARM.Collect$$libinit$$0000001D) for __rt_lib_init_fp_trap_1
    libinit.o(.ARM.Collect$$libinit$$00000000) refers (Special) to libinit2.o(.ARM.Collect$$libinit$$00000021) for __rt_lib_init_getenv_1
    libinit.o(.ARM.Collect$$libinit$$00000000) refers (Special) to libinit2.o(.ARM.Collect$$libinit$$00000008) for __rt_lib_init_heap_1
    libinit.o(.ARM.Collect$$libinit$$00000000) refers (Special) to libinit2.o(.ARM.Collect$$libinit$$0000000F) for __rt_lib_init_lc_collate_1
    libinit.o(.ARM.Collect$$libinit$$00000000) refers (Special) to libinit2.o(.ARM.Collect$$libinit$$00000011) for __rt_lib_init_lc_ctype_1
    libinit.o(.ARM.Collect$$libinit$$00000000) refers (Special) to libinit2.o(.ARM.Collect$$libinit$$00000013) for __rt_lib_init_lc_monetary_1
    libinit.o(.ARM.Collect$$libinit$$00000000) refers (Special) to libinit2.o(.ARM.Collect$$libinit$$00000015) for __rt_lib_init_lc_numeric_1
    libinit.o(.ARM.Collect$$libinit$$00000000) refers (Special) to libinit2.o(.ARM.Collect$$libinit$$00000017) for __rt_lib_init_lc_time_1
    libinit.o(.ARM.Collect$$libinit$$00000000) refers (Special) to libinit2.o(.ARM.Collect$$libinit$$0000000C) for __rt_lib_init_rand_1
    libinit.o(.ARM.Collect$$libinit$$00000000) refers (Special) to libinit2.o(.ARM.Collect$$libinit$$00000031) for __rt_lib_init_return
    libinit.o(.ARM.Collect$$libinit$$00000000) refers (Special) to libinit2.o(.ARM.Collect$$libinit$$0000001B) for __rt_lib_init_signal_1
    libinit.o(.ARM.Collect$$libinit$$00000000) refers (Special) to libinit2.o(.ARM.Collect$$libinit$$00000023) for __rt_lib_init_stdio_1
    libinit.o(.ARM.Collect$$libinit$$00000000) refers (Special) to libinit2.o(.ARM.Collect$$libinit$$0000000A) for __rt_lib_init_user_alloc_1
    libspace.o(.text) refers to libspace.o(.bss) for __libspace_start
    rtexit.o(.ARM.Collect$$rtexit$$00000000) refers (Special) to rtexit2.o(.ARM.Collect$$rtexit$$00000004) for __rt_exit_exit
    rtexit.o(.ARM.Collect$$rtexit$$00000000) refers (Special) to rtexit2.o(.ARM.Collect$$rtexit$$00000003) for __rt_exit_ls
    rtexit.o(.ARM.Collect$$rtexit$$00000000) refers (Special) to rtexit2.o(.ARM.Collect$$rtexit$$00000002) for __rt_exit_prels_1
    rtexit.o(.ARM.exidx) refers (Special) to rtexit2.o(.ARM.Collect$$rtexit$$00000004) for __rt_exit_exit
    rtexit.o(.ARM.exidx) refers (Special) to rtexit2.o(.ARM.Collect$$rtexit$$00000003) for __rt_exit_ls
    rtexit.o(.ARM.exidx) refers (Special) to rtexit2.o(.ARM.Collect$$rtexit$$00000002) for __rt_exit_prels_1
    rtexit.o(.ARM.exidx) refers to rtexit.o(.ARM.Collect$$rtexit$$00000000) for .ARM.Collect$$rtexit$$00000000
    libinit2.o(.ARM.Collect$$libinit$$0000000E) refers to libinit2.o(.ARM.Collect$$libinit$$0000000D) for .ARM.Collect$$libinit$$0000000D
    libinit2.o(.ARM.Collect$$libinit$$00000010) refers to libinit2.o(.ARM.Collect$$libinit$$0000000D) for .ARM.Collect$$libinit$$0000000D
    libinit2.o(.ARM.Collect$$libinit$$00000012) refers to libinit2.o(.ARM.Collect$$libinit$$0000000D) for .ARM.Collect$$libinit$$0000000D
    libinit2.o(.ARM.Collect$$libinit$$00000014) refers to libinit2.o(.ARM.Collect$$libinit$$0000000D) for .ARM.Collect$$libinit$$0000000D
    libinit2.o(.ARM.Collect$$libinit$$00000016) refers to libinit2.o(.ARM.Collect$$libinit$$0000000D) for .ARM.Collect$$libinit$$0000000D
    libinit2.o(.ARM.Collect$$libinit$$00000024) refers to argv_veneer.o(.emb_text) for __ARM_argv_veneer
    libinit2.o(.ARM.Collect$$libinit$$00000025) refers to argv_veneer.o(.emb_text) for __ARM_argv_veneer
    rtexit2.o(.ARM.Collect$$rtexit$$00000003) refers to libshutdown.o(.ARM.Collect$$libshutdown$$00000000) for __rt_lib_shutdown
    rtexit2.o(.ARM.Collect$$rtexit$$00000004) refers to sys_exit.o(.text) for _sys_exit
    rtexit2.o(.ARM.exidx) refers to rtexit2.o(.ARM.Collect$$rtexit$$00000001) for .ARM.Collect$$rtexit$$00000001
    rtexit2.o(.ARM.exidx) refers to rtexit2.o(.ARM.Collect$$rtexit$$00000003) for .ARM.Collect$$rtexit$$00000003
    rtexit2.o(.ARM.exidx) refers to rtexit2.o(.ARM.Collect$$rtexit$$00000004) for .ARM.Collect$$rtexit$$00000004
    argv_veneer.o(.emb_text) refers to no_argv.o(.text) for __ARM_get_argv
    sys_exit.o(.text) refers (Special) to use_no_semi.o(.text) for __I$use$semihosting
    sys_exit.o(.text) refers (Special) to indicate_semi.o(.text) for __semihosting_library_function
    _get_argv_nomalloc.o(.text) refers (Special) to hrguard.o(.text) for __heap_region$guard
    _get_argv_nomalloc.o(.text) refers to defsig_rtmem_outer.o(.text) for __rt_SIGRTMEM
    _get_argv_nomalloc.o(.text) refers to sys_command.o(.text) for _sys_command_string
    libshutdown.o(.ARM.Collect$$libshutdown$$00000000) refers (Special) to libshutdown2.o(.ARM.Collect$$libshutdown$$00000006) for __rt_lib_shutdown_fp_trap_1
    libshutdown.o(.ARM.Collect$$libshutdown$$00000000) refers (Special) to libshutdown2.o(.ARM.Collect$$libshutdown$$0000000E) for __rt_lib_shutdown_heap_1
    libshutdown.o(.ARM.Collect$$libshutdown$$00000000) refers (Special) to libshutdown2.o(.ARM.Collect$$libshutdown$$0000000F) for __rt_lib_shutdown_return
    libshutdown.o(.ARM.Collect$$libshutdown$$00000000) refers (Special) to libshutdown2.o(.ARM.Collect$$libshutdown$$00000009) for __rt_lib_shutdown_signal_1
    libshutdown.o(.ARM.Collect$$libshutdown$$00000000) refers (Special) to libshutdown2.o(.ARM.Collect$$libshutdown$$00000003) for __rt_lib_shutdown_stdio_1
    libshutdown.o(.ARM.Collect$$libshutdown$$00000000) refers (Special) to libshutdown2.o(.ARM.Collect$$libshutdown$$0000000B) for __rt_lib_shutdown_user_alloc_1
    sys_command.o(.text) refers (Special) to use_no_semi.o(.text) for __I$use$semihosting
    sys_command.o(.text) refers (Special) to indicate_semi.o(.text) for __semihosting_library_function
    defsig_rtmem_outer.o(.text) refers to defsig_rtmem_inner.o(.text) for __rt_SIGRTMEM_inner
    defsig_rtmem_outer.o(.text) refers to defsig_exit.o(.text) for __sig_exit
    defsig_rtmem_formal.o(.text) refers to rt_raise.o(.text) for __rt_raise
    rt_raise.o(.text) refers to __raise.o(.text) for __raise
    rt_raise.o(.text) refers to sys_exit.o(.text) for _sys_exit
    defsig_exit.o(.text) refers to sys_exit.o(.text) for _sys_exit
    defsig_rtmem_inner.o(.text) refers to defsig_general.o(.text) for __default_signal_display
    __raise.o(.text) refers to defsig.o(CL$$defsig) for __default_signal_handler
    defsig_general.o(.text) refers to sys_wrch.o(.text) for _ttywrch
    sys_wrch.o(.text) refers (Special) to use_no_semi.o(.text) for __I$use$semihosting
    sys_wrch.o(.text) refers (Special) to indicate_semi.o(.text) for __semihosting_library_function
    defsig.o(CL$$defsig) refers to defsig_rtmem_inner.o(.text) for __rt_SIGRTMEM_inner
    defsig_abrt_inner.o(.text) refers to defsig_general.o(.text) for __default_signal_display
    defsig_fpe_inner.o(.text) refers to defsig_general.o(.text) for __default_signal_display
    defsig_rtred_inner.o(.text) refers to defsig_general.o(.text) for __default_signal_display
    defsig_stak_inner.o(.text) refers to defsig_general.o(.text) for __default_signal_display
    defsig_pvfn_inner.o(.text) refers to defsig_general.o(.text) for __default_signal_display
    defsig_cppl_inner.o(.text) refers to defsig_general.o(.text) for __default_signal_display
    defsig_segv_inner.o(.text) refers to defsig_general.o(.text) for __default_signal_display
    defsig_other.o(.text) refers to defsig_general.o(.text) for __default_signal_display


==============================================================================

Removing Unused input sections from the image.

    Removing sound.o(i.Sound_Swoosh), (20 bytes).
    Removing spaceinvaders.o(i.Delay100ms), (36 bytes).
    Removing st7735.o(i.Output_Clear), (10 bytes).
    Removing st7735.o(i.Output_Color), (12 bytes).
    Removing st7735.o(i.Output_Off), (8 bytes).
    Removing st7735.o(i.Output_On), (8 bytes).
    Removing st7735.o(i.ST7735_DrawChar), (268 bytes).
    Removing st7735.o(i.ST7735_DrawFastHLine), (124 bytes).
    Removing st7735.o(i.ST7735_DrawFastVLine), (124 bytes).
    Removing st7735.o(i.ST7735_InitB), (40 bytes).
    Removing st7735.o(i.ST7735_InvertDisplay), (22 bytes).
    Removing st7735.o(i.ST7735_OutUDec), (140 bytes).
    Removing st7735.o(i.ST7735_PlotBar), (88 bytes).
    Removing st7735.o(i.ST7735_PlotClear), (92 bytes).
    Removing st7735.o(i.ST7735_PlotLine), (264 bytes).
    Removing st7735.o(i.ST7735_PlotNext), (32 bytes).
    Removing st7735.o(i.ST7735_PlotNextErase), (64 bytes).
    Removing st7735.o(i.ST7735_PlotPoint), (152 bytes).
    Removing st7735.o(i.ST7735_PlotPoints), (172 bytes).
    Removing st7735.o(i.ST7735_PlotdBfs), (60 bytes).
    Removing st7735.o(i.ST7735_SetRotation), (212 bytes).
    Removing st7735.o(i.ST7735_SwapColor), (18 bytes).
    Removing st7735.o(i.ferror), (8 bytes).
    Removing st7735.o(i.fgetc), (6 bytes).
    Removing st7735.o(i.fillmessage), (72 bytes).
    Removing st7735.o(i.fputc), (16 bytes).
    Removing st7735.o(.bss), (12 bytes).
    Removing uart.o(.data), (8 bytes).

28 unused section(s) (total 2088 bytes) removed from the image.

==============================================================================

Image Symbol Table

    Local Symbols

    Symbol Name                              Value     Ov Type        Size  Object(Section)

    RESET                                    0x00000000   Section      644  startup.o(RESET)
    ../clib/angel/boardlib.s                 0x00000000   Number         0  boardinit2.o ABSOLUTE
    ../clib/angel/boardlib.s                 0x00000000   Number         0  boardinit1.o ABSOLUTE
    ../clib/angel/boardlib.s                 0x00000000   Number         0  boardshut.o ABSOLUTE
    ../clib/angel/boardlib.s                 0x00000000   Number         0  boardinit3.o ABSOLUTE
    ../clib/angel/handlers.s                 0x00000000   Number         0  __scatter_zi.o ABSOLUTE
    ../clib/angel/handlers.s                 0x00000000   Number         0  __scatter_copy.o ABSOLUTE
    ../clib/angel/kernel.s                   0x00000000   Number         0  rtentry.o ABSOLUTE
    ../clib/angel/kernel.s                   0x00000000   Number         0  rtentry2.o ABSOLUTE
    ../clib/angel/kernel.s                   0x00000000   Number         0  rtentry4.o ABSOLUTE
    ../clib/angel/kernel.s                   0x00000000   Number         0  rtexit.o ABSOLUTE
    ../clib/angel/kernel.s                   0x00000000   Number         0  rtexit2.o ABSOLUTE
    ../clib/angel/rt.s                       0x00000000   Number         0  rt_raise.o ABSOLUTE
    ../clib/angel/scatter.s                  0x00000000   Number         0  __scatter.o ABSOLUTE
    ../clib/angel/startup.s                  0x00000000   Number         0  __main.o ABSOLUTE
    ../clib/angel/sys.s                      0x00000000   Number         0  indicate_semi.o ABSOLUTE
    ../clib/angel/sys.s                      0x00000000   Number         0  libspace.o ABSOLUTE
    ../clib/angel/sys.s                      0x00000000   Number         0  use_no_semi.o ABSOLUTE
    ../clib/angel/sys.s                      0x00000000   Number         0  sys_stackheap_outer.o ABSOLUTE
    ../clib/angel/sysapp.c                   0x00000000   Number         0  sys_wrch.o ABSOLUTE
    ../clib/angel/sysapp.c                   0x00000000   Number         0  sys_command.o ABSOLUTE
    ../clib/angel/sysapp.c                   0x00000000   Number         0  sys_exit.o ABSOLUTE
    ../clib/armsys.c                         0x00000000   Number         0  argv_veneer.o ABSOLUTE
    ../clib/armsys.c                         0x00000000   Number         0  no_argv.o ABSOLUTE
    ../clib/armsys.c                         0x00000000   Number         0  _get_argv_nomalloc.o ABSOLUTE
    ../clib/armsys.c                         0x00000000   Number         0  argv_veneer.o ABSOLUTE
    ../clib/heapalloc.c                      0x00000000   Number         0  hrguard.o ABSOLUTE
    ../clib/heapaux.c                        0x00000000   Number         0  heapauxi.o ABSOLUTE
    ../clib/libinit.s                        0x00000000   Number         0  libshutdown.o ABSOLUTE
    ../clib/libinit.s                        0x00000000   Number         0  libinit.o ABSOLUTE
    ../clib/libinit.s                        0x00000000   Number         0  libshutdown2.o ABSOLUTE
    ../clib/libinit.s                        0x00000000   Number         0  libinit2.o ABSOLUTE
    ../clib/signal.c                         0x00000000   Number         0  defsig_cppl_inner.o ABSOLUTE
    ../clib/signal.c                         0x00000000   Number         0  defsig_pvfn_inner.o ABSOLUTE
    ../clib/signal.c                         0x00000000   Number         0  defsig_stak_inner.o ABSOLUTE
    ../clib/signal.c                         0x00000000   Number         0  defsig_rtred_inner.o ABSOLUTE
    ../clib/signal.c                         0x00000000   Number         0  defsig_fpe_inner.o ABSOLUTE
    ../clib/signal.c                         0x00000000   Number         0  defsig_abrt_inner.o ABSOLUTE
    ../clib/signal.c                         0x00000000   Number         0  defsig_general.o ABSOLUTE
    ../clib/signal.c                         0x00000000   Number         0  __raise.o ABSOLUTE
    ../clib/signal.c                         0x00000000   Number         0  defsig_rtmem_inner.o ABSOLUTE
    ../clib/signal.c                         0x00000000   Number         0  defsig_segv_inner.o ABSOLUTE
    ../clib/signal.c                         0x00000000   Number         0  defsig_other.o ABSOLUTE
    ../clib/signal.c                         0x00000000   Number         0  defsig_exit.o ABSOLUTE
    ../clib/signal.c                         0x00000000   Number         0  defsig_rtmem_formal.o ABSOLUTE
    ../clib/signal.c                         0x00000000   Number         0  defsig_rtmem_outer.o ABSOLUTE
    ../clib/signal.s                         0x00000000   Number         0  defsig.o ABSOLUTE
    ../clib/stdlib.c                         0x00000000   Number         0  exit.o ABSOLUTE
    ../fplib/fpinit.s                        0x00000000   Number         0  fpinit.o ABSOLUTE
    ADC.c                                    0x00000000   Number         0  adc.o ABSOLUTE
    DAC.c                                    0x00000000   Number         0  dac.o ABSOLUTE
    Images.c                                 0x00000000   Number         0  images.o ABSOLUTE
    LCD.s                                    0x00000000   Number         0  lcd.o ABSOLUTE
    Print.s                                  0x00000000   Number         0  print.o ABSOLUTE
    ST7735.c                                 0x00000000   Number         0  st7735.o ABSOLUTE
    Sound.c                                  0x00000000   Number         0  sound.o ABSOLUTE
    SpaceInvaders.c                          0x00000000   Number         0  spaceinvaders.o ABSOLUTE
    TExaS.c                                  0x00000000   Number         0  texas.o ABSOLUTE
    Timer0.c                                 0x00000000   Number         0  timer0.o ABSOLUTE
    Timer1.c                                 0x00000000   Number         0  timer1.o ABSOLUTE
    UART.c                                   0x00000000   Number         0  uart.o ABSOLUTE
    dc.s                                     0x00000000   Number         0  dc.o ABSOLUTE
    random.s                                 0x00000000   Number         0  random.o ABSOLUTE
    startup.s                                0x00000000   Number         0  startup.o ABSOLUTE
    !!!main                                  0x00000284   Section        8  __main.o(!!!main)
    !!!scatter                               0x0000028c   Section       52  __scatter.o(!!!scatter)
    !!handler_copy                           0x000002c0   Section       26  __scatter_copy.o(!!handler_copy)
    !!handler_zi                             0x000002dc   Section       28  __scatter_zi.o(!!handler_zi)
    .ARM.Collect$$libinit$$00000000          0x000002f8   Section        2  libinit.o(.ARM.Collect$$libinit$$00000000)
    .ARM.Collect$$libinit$$00000002          0x000002fa   Section        0  libinit2.o(.ARM.Collect$$libinit$$00000002)
    .ARM.Collect$$libinit$$00000008          0x000002fa   Section        0  libinit2.o(.ARM.Collect$$libinit$$00000008)
    .ARM.Collect$$libinit$$0000000A          0x000002fa   Section        0  libinit2.o(.ARM.Collect$$libinit$$0000000A)
    .ARM.Collect$$libinit$$0000000C          0x000002fa   Section        0  libinit2.o(.ARM.Collect$$libinit$$0000000C)
    .ARM.Collect$$libinit$$0000000F          0x000002fa   Section        0  libinit2.o(.ARM.Collect$$libinit$$0000000F)
    .ARM.Collect$$libinit$$00000011          0x000002fa   Section        0  libinit2.o(.ARM.Collect$$libinit$$00000011)
    .ARM.Collect$$libinit$$00000013          0x000002fa   Section        0  libinit2.o(.ARM.Collect$$libinit$$00000013)
    .ARM.Collect$$libinit$$00000015          0x000002fa   Section        0  libinit2.o(.ARM.Collect$$libinit$$00000015)
    .ARM.Collect$$libinit$$00000017          0x000002fa   Section        0  libinit2.o(.ARM.Collect$$libinit$$00000017)
    .ARM.Collect$$libinit$$00000019          0x000002fa   Section        0  libinit2.o(.ARM.Collect$$libinit$$00000019)
    .ARM.Collect$$libinit$$0000001B          0x000002fa   Section        0  libinit2.o(.ARM.Collect$$libinit$$0000001B)
    .ARM.Collect$$libinit$$0000001D          0x000002fa   Section        0  libinit2.o(.ARM.Collect$$libinit$$0000001D)
    .ARM.Collect$$libinit$$0000001F          0x000002fa   Section        0  libinit2.o(.ARM.Collect$$libinit$$0000001F)
    .ARM.Collect$$libinit$$00000021          0x000002fa   Section        0  libinit2.o(.ARM.Collect$$libinit$$00000021)
    .ARM.Collect$$libinit$$00000023          0x000002fa   Section        0  libinit2.o(.ARM.Collect$$libinit$$00000023)
    .ARM.Collect$$libinit$$0000002A          0x000002fa   Section        0  libinit2.o(.ARM.Collect$$libinit$$0000002A)
    .ARM.Collect$$libinit$$0000002C          0x000002fa   Section        0  libinit2.o(.ARM.Collect$$libinit$$0000002C)
    .ARM.Collect$$libinit$$0000002E          0x000002fa   Section        0  libinit2.o(.ARM.Collect$$libinit$$0000002E)
    .ARM.Collect$$libinit$$00000030          0x000002fa   Section        0  libinit2.o(.ARM.Collect$$libinit$$00000030)
    .ARM.Collect$$libinit$$00000031          0x000002fa   Section        2  libinit2.o(.ARM.Collect$$libinit$$00000031)
    .ARM.Collect$$libshutdown$$00000000      0x000002fc   Section        2  libshutdown.o(.ARM.Collect$$libshutdown$$00000000)
    .ARM.Collect$$libshutdown$$00000003      0x000002fe   Section        0  libshutdown2.o(.ARM.Collect$$libshutdown$$00000003)
    .ARM.Collect$$libshutdown$$00000006      0x000002fe   Section        0  libshutdown2.o(.ARM.Collect$$libshutdown$$00000006)
    .ARM.Collect$$libshutdown$$00000009      0x000002fe   Section        0  libshutdown2.o(.ARM.Collect$$libshutdown$$00000009)
    .ARM.Collect$$libshutdown$$0000000B      0x000002fe   Section        0  libshutdown2.o(.ARM.Collect$$libshutdown$$0000000B)
    .ARM.Collect$$libshutdown$$0000000E      0x000002fe   Section        0  libshutdown2.o(.ARM.Collect$$libshutdown$$0000000E)
    .ARM.Collect$$libshutdown$$0000000F      0x000002fe   Section        2  libshutdown2.o(.ARM.Collect$$libshutdown$$0000000F)
    .ARM.Collect$$rtentry$$00000000          0x00000300   Section        0  rtentry.o(.ARM.Collect$$rtentry$$00000000)
    .ARM.Collect$$rtentry$$00000002          0x00000300   Section        0  rtentry2.o(.ARM.Collect$$rtentry$$00000002)
    .ARM.Collect$$rtentry$$00000004          0x00000300   Section        6  rtentry4.o(.ARM.Collect$$rtentry$$00000004)
    .ARM.Collect$$rtentry$$00000009          0x00000306   Section        0  rtentry2.o(.ARM.Collect$$rtentry$$00000009)
    .ARM.Collect$$rtentry$$0000000A          0x00000306   Section        4  rtentry2.o(.ARM.Collect$$rtentry$$0000000A)
    .ARM.Collect$$rtentry$$0000000C          0x0000030a   Section        0  rtentry2.o(.ARM.Collect$$rtentry$$0000000C)
    .ARM.Collect$$rtentry$$0000000D          0x0000030a   Section        8  rtentry2.o(.ARM.Collect$$rtentry$$0000000D)
    .ARM.Collect$$rtexit$$00000000           0x00000312   Section        2  rtexit.o(.ARM.Collect$$rtexit$$00000000)
    .ARM.Collect$$rtexit$$00000002           0x00000314   Section        0  rtexit2.o(.ARM.Collect$$rtexit$$00000002)
    .ARM.Collect$$rtexit$$00000003           0x00000314   Section        4  rtexit2.o(.ARM.Collect$$rtexit$$00000003)
    .ARM.Collect$$rtexit$$00000004           0x00000318   Section        6  rtexit2.o(.ARM.Collect$$rtexit$$00000004)
    .text                                    0x00000320   Section       48  startup.o(.text)
    .text                                    0x00000350   Section       60  random.o(.text)
    .text                                    0x0000038c   Section       76  lcd.o(.text)
    .text                                    0x000003d8   Section      804  print.o(.text)
    .text                                    0x000006fc   Section        0  texas.o(.text)
    .text                                    0x00000b9c   Section        0  heapauxi.o(.text)
    .text                                    0x00000ba2   Section       74  sys_stackheap_outer.o(.text)
    .text                                    0x00000bec   Section        0  exit.o(.text)
    .text                                    0x00000bf8   Section        8  libspace.o(.text)
    .text                                    0x00000c00   Section        0  sys_exit.o(.text)
    .text                                    0x00000c0c   Section        2  use_no_semi.o(.text)
    .text                                    0x00000c0e   Section        0  indicate_semi.o(.text)
    i.ADC_In                                 0x00000c10   Section        0  adc.o(i.ADC_In)
    i.ADC_Init                               0x00000c40   Section        0  adc.o(i.ADC_Init)
    i.Check_Cursor                           0x00000d40   Section        0  spaceinvaders.o(i.Check_Cursor)
    i.Check_GameOver                         0x00000d9c   Section        0  spaceinvaders.o(i.Check_GameOver)
    i.Check_Winner                           0x00000dd4   Section        0  spaceinvaders.o(i.Check_Winner)
    i.Convert                                0x00000eac   Section        0  spaceinvaders.o(i.Convert)
    i.Cursor_Init                            0x00000ecc   Section        0  spaceinvaders.o(i.Cursor_Init)
    i.DAC_Init                               0x00000ee0   Section        0  dac.o(i.DAC_Init)
    i.DAC_Out                                0x00000f2c   Section        0  dac.o(i.DAC_Out)
    i.Deck_Init                              0x00000f38   Section        0  spaceinvaders.o(i.Deck_Init)
    i.Delay1ms                               0x00000fcc   Section        0  st7735.o(i.Delay1ms)
    i.Edge_Init                              0x00000fec   Section        0  spaceinvaders.o(i.Edge_Init)
    i.Flip_Cards                             0x0000105c   Section        0  spaceinvaders.o(i.Flip_Cards)
    i.GPIOPortE_Handler                      0x000010d4   Section        0  spaceinvaders.o(i.GPIOPortE_Handler)
    i.Move_Down                              0x00001108   Section        0  spaceinvaders.o(i.Move_Down)
    i.Move_Middle                            0x000011d0   Section        0  spaceinvaders.o(i.Move_Middle)
    i.Move_OffScreen                         0x00001244   Section        0  spaceinvaders.o(i.Move_OffScreen)
    i.Output_Init                            0x00001440   Section        0  st7735.o(i.Output_Init)
    i.Player_Init                            0x00001450   Section        0  spaceinvaders.o(i.Player_Init)
    i.PortE_Init                             0x00001508   Section        0  spaceinvaders.o(i.PortE_Init)
    i.ST7735_Color565                        0x00001564   Section        0  st7735.o(i.ST7735_Color565)
    i.ST7735_DrawBitmap                      0x0000157c   Section        0  st7735.o(i.ST7735_DrawBitmap)
    i.ST7735_DrawCharS                       0x0000169c   Section        0  st7735.o(i.ST7735_DrawCharS)
    i.ST7735_DrawPixel                       0x00001790   Section        0  st7735.o(i.ST7735_DrawPixel)
    i.ST7735_DrawString                      0x000017d8   Section        0  st7735.o(i.ST7735_DrawString)
    i.ST7735_FillRect                        0x00001830   Section        0  st7735.o(i.ST7735_FillRect)
    i.ST7735_FillScreen                      0x000018dc   Section        0  st7735.o(i.ST7735_FillScreen)
    i.ST7735_InitR                           0x00001900   Section        0  st7735.o(i.ST7735_InitR)
    i.ST7735_OutChar                         0x0000197c   Section        0  st7735.o(i.ST7735_OutChar)
    i.ST7735_OutString                       0x00001a6c   Section        0  st7735.o(i.ST7735_OutString)
    i.ST7735_SetCursor                       0x00001a84   Section        0  st7735.o(i.ST7735_SetCursor)
    i.ST7735_SetTextColor                    0x00001aa4   Section        0  st7735.o(i.ST7735_SetTextColor)
    i.Select_Card                            0x00001ab0   Section        0  spaceinvaders.o(i.Select_Card)
    i.Sound_Beep                             0x00001bc8   Section        0  sound.o(i.Sound_Beep)
    i.Sound_CardFlip                         0x00001bdc   Section        0  sound.o(i.Sound_CardFlip)
    i.Sound_Click                            0x00001bf0   Section        0  sound.o(i.Sound_Click)
    i.Sound_Init                             0x00001c04   Section        0  sound.o(i.Sound_Init)
    i.Sound_Lose                             0x00001c14   Section        0  sound.o(i.Sound_Lose)
    i.Sound_Play                             0x00001c28   Section        0  sound.o(i.Sound_Play)
    i.Sound_Win                              0x00001c50   Section        0  sound.o(i.Sound_Win)
    i.Spawn_Card                             0x00001c64   Section        0  spaceinvaders.o(i.Spawn_Card)
    i.Timer0A_Handler                        0x00001d94   Section        0  timer0.o(i.Timer0A_Handler)
    i.Timer0_Init                            0x00001dac   Section        0  timer0.o(i.Timer0_Init)
    i.Timer1A_Handler                        0x00001e0c   Section        0  sound.o(i.Timer1A_Handler)
    i.Timer1_Init                            0x00001e58   Section        0  timer1.o(i.Timer1_Init)
    i.UART_InChar                            0x00001eb0   Section        0  uart.o(i.UART_InChar)
    i.UART_Init                              0x00001ec8   Section        0  uart.o(i.UART_Init)
    i.UART_OutChar                           0x00001ff4   Section        0  uart.o(i.UART_OutChar)
    i.Update_Board                           0x0000200c   Section        0  spaceinvaders.o(i.Update_Board)
    i.commandList                            0x000025b0   Section        0  st7735.o(i.commandList)
    commandList                              0x000025b1   Thumb Code    86  st7735.o(i.commandList)
    i.commonInit                             0x00002608   Section        0  st7735.o(i.commonInit)
    commonInit                               0x00002609   Thumb Code   340  st7735.o(i.commonInit)
    i.main                                   0x0000278c   Section        0  spaceinvaders.o(i.main)
    i.pushColor                              0x0000284c   Section        0  st7735.o(i.pushColor)
    pushColor                                0x0000284d   Thumb Code    18  st7735.o(i.pushColor)
    i.setAddrWindow                          0x00002860   Section        0  st7735.o(i.setAddrWindow)
    setAddrWindow                            0x00002861   Thumb Code   106  st7735.o(i.setAddrWindow)
    .constdata                               0x000028d4   Section    73029  sound.o(.constdata)
    .constdata                               0x0001461a   Section    72620  spaceinvaders.o(.constdata)
    .constdata                               0x000261c6   Section     2018  st7735.o(.constdata)
    Font                                     0x000261c6   Data        1275  st7735.o(.constdata)
    Bcmd                                     0x000266c1   Data         103  st7735.o(.constdata)
    Rcmd1                                    0x00026728   Data          59  st7735.o(.constdata)
    Rcmd2green                               0x00026763   Data          13  st7735.o(.constdata)
    Rcmd2red                                 0x00026770   Data          13  st7735.o(.constdata)
    Rcmd3                                    0x0002677d   Data          43  st7735.o(.constdata)
    .constdata                               0x000269a8   Section      240  texas.o(.constdata)
    .data                                    0x20000000   Section        4  timer0.o(.data)
    .data                                    0x20000004   Section       12  sound.o(.data)
    .data                                    0x20000010   Section       94  spaceinvaders.o(.data)
    .data                                    0x20000070   Section       44  st7735.o(.data)
    _width                                   0x2000007a   Data           2  st7735.o(.data)
    _height                                  0x2000007c   Data           2  st7735.o(.data)
    ColStart                                 0x20000084   Data           1  st7735.o(.data)
    RowStart                                 0x20000085   Data           1  st7735.o(.data)
    Rotation                                 0x20000086   Data           1  st7735.o(.data)
    TabColor                                 0x20000087   Data           1  st7735.o(.data)
    .data                                    0x2000009c   Section       48  texas.o(.data)
    DATA                                     0x200000cc   Section        4  random.o(DATA)
    M                                        0x200000cc   Data           4  random.o(DATA)
    .bss                                     0x200000d0   Section     1700  spaceinvaders.o(.bss)
    .bss                                     0x20000778   Section       56  texas.o(.bss)
    .bss                                     0x200007b0   Section       96  libspace.o(.bss)
    HEAP                                     0x20000810   Section        0  startup.o(HEAP)
    STACK                                    0x20000810   Section     1024  startup.o(STACK)
    HeapMem                                  0x20000810   Data           0  startup.o(HEAP)
    StackMem                                 0x20000810   Data           0  startup.o(STACK)

    Global Symbols

    Symbol Name                              Value     Ov Type        Size  Object(Section)

    BuildAttributes$$THM_ISAv4$E$P$D$K$B$S$7EM$PE$A:L22UL41UL21$X:L11$S22US41US21$IEEE1$IW$USESV6$~STKCKD$USESV7$~SHL$OSPACE$ROPI$EBA8$UX$STANDARDLIB$REQ8$PRES8$EABIv2 0x00000000   Number         0  anon$$obj.o ABSOLUTE
    __ARM_use_no_argv                        0x00000000   Number         0  spaceinvaders.o ABSOLUTE
    __Vectors                                0x00000000   Data           0  startup.o(RESET)
    __ARM_exceptions_init                     - Undefined Weak Reference
    __alloca_initialize                       - Undefined Weak Reference
    __cpp_initialize__aeabi_                  - Undefined Weak Reference
    __cxa_finalize                            - Undefined Weak Reference
    __rt_locale                               - Undefined Weak Reference
    __sigvec_lookup                           - Undefined Weak Reference
    _atexit_init                              - Undefined Weak Reference
    _call_atexit_fns                          - Undefined Weak Reference
    _clock_init                               - Undefined Weak Reference
    _fp_trap_init                             - Undefined Weak Reference
    _fp_trap_shutdown                         - Undefined Weak Reference
    _get_lc_collate                           - Undefined Weak Reference
    _get_lc_ctype                             - Undefined Weak Reference
    _get_lc_monetary                          - Undefined Weak Reference
    _get_lc_numeric                           - Undefined Weak Reference
    _get_lc_time                              - Undefined Weak Reference
    _getenv_init                              - Undefined Weak Reference
    _handle_redirection                       - Undefined Weak Reference
    _init_alloc                               - Undefined Weak Reference
    _init_user_alloc                          - Undefined Weak Reference
    _initio                                   - Undefined Weak Reference
    _rand_init                                - Undefined Weak Reference
    _signal_finish                            - Undefined Weak Reference
    _signal_init                              - Undefined Weak Reference
    _terminate_alloc                          - Undefined Weak Reference
    _terminate_user_alloc                     - Undefined Weak Reference
    _terminateio                              - Undefined Weak Reference
    Reset_Handler                            0x0000026d   Thumb Code     0  startup.o(RESET)
    NMI_Handler                              0x00000271   Thumb Code     2  startup.o(RESET)
    HardFault_Handler                        0x00000273   Thumb Code     2  startup.o(RESET)
    MemManage_Handler                        0x00000275   Thumb Code     2  startup.o(RESET)
    BusFault_Handler                         0x00000277   Thumb Code     2  startup.o(RESET)
    UsageFault_Handler                       0x00000279   Thumb Code     2  startup.o(RESET)
    SVC_Handler                              0x0000027b   Thumb Code     2  startup.o(RESET)
    DebugMon_Handler                         0x0000027d   Thumb Code     2  startup.o(RESET)
    PendSV_Handler                           0x0000027f   Thumb Code     2  startup.o(RESET)
    SysTick_Handler                          0x00000281   Thumb Code     2  startup.o(RESET)
    ADC0Seq0_Handler                         0x00000283   Thumb Code     0  startup.o(RESET)
    ADC0Seq1_Handler                         0x00000283   Thumb Code     0  startup.o(RESET)
    ADC0Seq2_Handler                         0x00000283   Thumb Code     0  startup.o(RESET)
    ADC0Seq3_Handler                         0x00000283   Thumb Code     0  startup.o(RESET)
    ADC1Seq0_Handler                         0x00000283   Thumb Code     0  startup.o(RESET)
    ADC1Seq1_Handler                         0x00000283   Thumb Code     0  startup.o(RESET)
    ADC1Seq2_Handler                         0x00000283   Thumb Code     0  startup.o(RESET)
    ADC1Seq3_Handler                         0x00000283   Thumb Code     0  startup.o(RESET)
    CAN0_Handler                             0x00000283   Thumb Code     0  startup.o(RESET)
    CAN1_Handler                             0x00000283   Thumb Code     0  startup.o(RESET)
    CAN2_Handler                             0x00000283   Thumb Code     0  startup.o(RESET)
    Comp0_Handler                            0x00000283   Thumb Code     0  startup.o(RESET)
    Comp1_Handler                            0x00000283   Thumb Code     0  startup.o(RESET)
    Comp2_Handler                            0x00000283   Thumb Code     0  startup.o(RESET)
    Ethernet_Handler                         0x00000283   Thumb Code     0  startup.o(RESET)
    ExtBus_Handler                           0x00000283   Thumb Code     0  startup.o(RESET)
    FPU_Handler                              0x00000283   Thumb Code     0  startup.o(RESET)
    Fan0_Handler                             0x00000283   Thumb Code     0  startup.o(RESET)
    FlashCtl_Handler                         0x00000283   Thumb Code     0  startup.o(RESET)
    GPIOPortA_Handler                        0x00000283   Thumb Code     0  startup.o(RESET)
    GPIOPortB_Handler                        0x00000283   Thumb Code     0  startup.o(RESET)
    GPIOPortC_Handler                        0x00000283   Thumb Code     0  startup.o(RESET)
    GPIOPortD_Handler                        0x00000283   Thumb Code     0  startup.o(RESET)
    GPIOPortF_Handler                        0x00000283   Thumb Code     0  startup.o(RESET)
    GPIOPortG_Handler                        0x00000283   Thumb Code     0  startup.o(RESET)
    GPIOPortH_Handler                        0x00000283   Thumb Code     0  startup.o(RESET)
    GPIOPortJ_Handler                        0x00000283   Thumb Code     0  startup.o(RESET)
    GPIOPortK_Handler                        0x00000283   Thumb Code     0  startup.o(RESET)
    GPIOPortL_Handler                        0x00000283   Thumb Code     0  startup.o(RESET)
    GPIOPortM_Handler                        0x00000283   Thumb Code     0  startup.o(RESET)
    GPIOPortN_Handler                        0x00000283   Thumb Code     0  startup.o(RESET)
    GPIOPortP1_Handler                       0x00000283   Thumb Code     0  startup.o(RESET)
    GPIOPortP2_Handler                       0x00000283   Thumb Code     0  startup.o(RESET)
    GPIOPortP3_Handler                       0x00000283   Thumb Code     0  startup.o(RESET)
    GPIOPortP4_Handler                       0x00000283   Thumb Code     0  startup.o(RESET)
    GPIOPortP5_Handler                       0x00000283   Thumb Code     0  startup.o(RESET)
    GPIOPortP6_Handler                       0x00000283   Thumb Code     0  startup.o(RESET)
    GPIOPortP7_Handler                       0x00000283   Thumb Code     0  startup.o(RESET)
    GPIOPortP_Handler                        0x00000283   Thumb Code     0  startup.o(RESET)
    GPIOPortQ1_Handler                       0x00000283   Thumb Code     0  startup.o(RESET)
    GPIOPortQ2_Handler                       0x00000283   Thumb Code     0  startup.o(RESET)
    GPIOPortQ3_Handler                       0x00000283   Thumb Code     0  startup.o(RESET)
    GPIOPortQ4_Handler                       0x00000283   Thumb Code     0  startup.o(RESET)
    GPIOPortQ5_Handler                       0x00000283   Thumb Code     0  startup.o(RESET)
    GPIOPortQ6_Handler                       0x00000283   Thumb Code     0  startup.o(RESET)
    GPIOPortQ7_Handler                       0x00000283   Thumb Code     0  startup.o(RESET)
    GPIOPortQ_Handler                        0x00000283   Thumb Code     0  startup.o(RESET)
    GPIOPortR_Handler                        0x00000283   Thumb Code     0  startup.o(RESET)
    GPIOPortS_Handler                        0x00000283   Thumb Code     0  startup.o(RESET)
    Hibernate_Handler                        0x00000283   Thumb Code     0  startup.o(RESET)
    I2C0_Handler                             0x00000283   Thumb Code     0  startup.o(RESET)
    I2C1_Handler                             0x00000283   Thumb Code     0  startup.o(RESET)
    I2C2_Handler                             0x00000283   Thumb Code     0  startup.o(RESET)
    I2C3_Handler                             0x00000283   Thumb Code     0  startup.o(RESET)
    I2C4_Handler                             0x00000283   Thumb Code     0  startup.o(RESET)
    I2C5_Handler                             0x00000283   Thumb Code     0  startup.o(RESET)
    I2S0_Handler                             0x00000283   Thumb Code     0  startup.o(RESET)
    LPC0_Handler                             0x00000283   Thumb Code     0  startup.o(RESET)
    PECI0_Handler                            0x00000283   Thumb Code     0  startup.o(RESET)
    PWM0Fault_Handler                        0x00000283   Thumb Code     0  startup.o(RESET)
    PWM0Generator0_Handler                   0x00000283   Thumb Code     0  startup.o(RESET)
    PWM0Generator1_Handler                   0x00000283   Thumb Code     0  startup.o(RESET)
    PWM0Generator2_Handler                   0x00000283   Thumb Code     0  startup.o(RESET)
    PWM0Generator3_Handler                   0x00000283   Thumb Code     0  startup.o(RESET)
    PWM1Fault_Handler                        0x00000283   Thumb Code     0  startup.o(RESET)
    PWM1Generator0_Handler                   0x00000283   Thumb Code     0  startup.o(RESET)
    PWM1Generator1_Handler                   0x00000283   Thumb Code     0  startup.o(RESET)
    PWM1Generator2_Handler                   0x00000283   Thumb Code     0  startup.o(RESET)
    PWM1Generator3_Handler                   0x00000283   Thumb Code     0  startup.o(RESET)
    Quadrature0_Handler                      0x00000283   Thumb Code     0  startup.o(RESET)
    Quadrature1_Handler                      0x00000283   Thumb Code     0  startup.o(RESET)
    Quadrature2_Handler                      0x00000283   Thumb Code     0  startup.o(RESET)
    SSI0_Handler                             0x00000283   Thumb Code     0  startup.o(RESET)
    SSI1_Handler                             0x00000283   Thumb Code     0  startup.o(RESET)
    SSI2_Handler                             0x00000283   Thumb Code     0  startup.o(RESET)
    SSI3_Handler                             0x00000283   Thumb Code     0  startup.o(RESET)
    SysCtl_Handler                           0x00000283   Thumb Code     0  startup.o(RESET)
    Timer0B_Handler                          0x00000283   Thumb Code     0  startup.o(RESET)
    Timer1B_Handler                          0x00000283   Thumb Code     0  startup.o(RESET)
    Timer2A_Handler                          0x00000283   Thumb Code     0  startup.o(RESET)
    Timer2B_Handler                          0x00000283   Thumb Code     0  startup.o(RESET)
    Timer3A_Handler                          0x00000283   Thumb Code     0  startup.o(RESET)
    Timer3B_Handler                          0x00000283   Thumb Code     0  startup.o(RESET)
    Timer4B_Handler                          0x00000283   Thumb Code     0  startup.o(RESET)
    Timer5B_Handler                          0x00000283   Thumb Code     0  startup.o(RESET)
    UART0_Handler                            0x00000283   Thumb Code     0  startup.o(RESET)
    UART1_Handler                            0x00000283   Thumb Code     0  startup.o(RESET)
    UART2_Handler                            0x00000283   Thumb Code     0  startup.o(RESET)
    UART3_Handler                            0x00000283   Thumb Code     0  startup.o(RESET)
    UART4_Handler                            0x00000283   Thumb Code     0  startup.o(RESET)
    UART5_Handler                            0x00000283   Thumb Code     0  startup.o(RESET)
    UART6_Handler                            0x00000283   Thumb Code     0  startup.o(RESET)
    UART7_Handler                            0x00000283   Thumb Code     0  startup.o(RESET)
    USB0_Handler                             0x00000283   Thumb Code     0  startup.o(RESET)
    WDT_Handler                              0x00000283   Thumb Code     0  startup.o(RESET)
    WideTimer0A_Handler                      0x00000283   Thumb Code     0  startup.o(RESET)
    WideTimer0B_Handler                      0x00000283   Thumb Code     0  startup.o(RESET)
    WideTimer1A_Handler                      0x00000283   Thumb Code     0  startup.o(RESET)
    WideTimer1B_Handler                      0x00000283   Thumb Code     0  startup.o(RESET)
    WideTimer2A_Handler                      0x00000283   Thumb Code     0  startup.o(RESET)
    WideTimer2B_Handler                      0x00000283   Thumb Code     0  startup.o(RESET)
    WideTimer3A_Handler                      0x00000283   Thumb Code     0  startup.o(RESET)
    WideTimer3B_Handler                      0x00000283   Thumb Code     0  startup.o(RESET)
    WideTimer4A_Handler                      0x00000283   Thumb Code     0  startup.o(RESET)
    WideTimer4B_Handler                      0x00000283   Thumb Code     0  startup.o(RESET)
    WideTimer5A_Handler                      0x00000283   Thumb Code     0  startup.o(RESET)
    WideTimer5B_Handler                      0x00000283   Thumb Code     0  startup.o(RESET)
    uDMA_Error                               0x00000283   Thumb Code     0  startup.o(RESET)
    uDMA_Handler                             0x00000283   Thumb Code     0  startup.o(RESET)
    __main                                   0x00000285   Thumb Code     8  __main.o(!!!main)
    __scatterload                            0x0000028d   Thumb Code     0  __scatter.o(!!!scatter)
    __scatterload_rt2                        0x0000028d   Thumb Code    44  __scatter.o(!!!scatter)
    __scatterload_rt2_thumb_only             0x0000028d   Thumb Code     0  __scatter.o(!!!scatter)
    __scatterload_null                       0x0000029b   Thumb Code     0  __scatter.o(!!!scatter)
    __scatterload_copy                       0x000002c1   Thumb Code    26  __scatter_copy.o(!!handler_copy)
    __scatterload_zeroinit                   0x000002dd   Thumb Code    28  __scatter_zi.o(!!handler_zi)
    __rt_lib_init                            0x000002f9   Thumb Code     0  libinit.o(.ARM.Collect$$libinit$$00000000)
    __rt_lib_init_alloca_1                   0x000002fb   Thumb Code     0  libinit2.o(.ARM.Collect$$libinit$$0000002C)
    __rt_lib_init_argv_1                     0x000002fb   Thumb Code     0  libinit2.o(.ARM.Collect$$libinit$$0000002A)
    __rt_lib_init_atexit_1                   0x000002fb   Thumb Code     0  libinit2.o(.ARM.Collect$$libinit$$00000019)
    __rt_lib_init_clock_1                    0x000002fb   Thumb Code     0  libinit2.o(.ARM.Collect$$libinit$$0000001F)
    __rt_lib_init_cpp_1                      0x000002fb   Thumb Code     0  libinit2.o(.ARM.Collect$$libinit$$00000030)
    __rt_lib_init_exceptions_1               0x000002fb   Thumb Code     0  libinit2.o(.ARM.Collect$$libinit$$0000002E)
    __rt_lib_init_fp_1                       0x000002fb   Thumb Code     0  libinit2.o(.ARM.Collect$$libinit$$00000002)
    __rt_lib_init_fp_trap_1                  0x000002fb   Thumb Code     0  libinit2.o(.ARM.Collect$$libinit$$0000001D)
    __rt_lib_init_getenv_1                   0x000002fb   Thumb Code     0  libinit2.o(.ARM.Collect$$libinit$$00000021)
    __rt_lib_init_heap_1                     0x000002fb   Thumb Code     0  libinit2.o(.ARM.Collect$$libinit$$00000008)
    __rt_lib_init_lc_collate_1               0x000002fb   Thumb Code     0  libinit2.o(.ARM.Collect$$libinit$$0000000F)
    __rt_lib_init_lc_ctype_1                 0x000002fb   Thumb Code     0  libinit2.o(.ARM.Collect$$libinit$$00000011)
    __rt_lib_init_lc_monetary_1              0x000002fb   Thumb Code     0  libinit2.o(.ARM.Collect$$libinit$$00000013)
    __rt_lib_init_lc_numeric_1               0x000002fb   Thumb Code     0  libinit2.o(.ARM.Collect$$libinit$$00000015)
    __rt_lib_init_lc_time_1                  0x000002fb   Thumb Code     0  libinit2.o(.ARM.Collect$$libinit$$00000017)
    __rt_lib_init_rand_1                     0x000002fb   Thumb Code     0  libinit2.o(.ARM.Collect$$libinit$$0000000C)
    __rt_lib_init_return                     0x000002fb   Thumb Code     0  libinit2.o(.ARM.Collect$$libinit$$00000031)
    __rt_lib_init_signal_1                   0x000002fb   Thumb Code     0  libinit2.o(.ARM.Collect$$libinit$$0000001B)
    __rt_lib_init_stdio_1                    0x000002fb   Thumb Code     0  libinit2.o(.ARM.Collect$$libinit$$00000023)
    __rt_lib_init_user_alloc_1               0x000002fb   Thumb Code     0  libinit2.o(.ARM.Collect$$libinit$$0000000A)
    __rt_lib_shutdown                        0x000002fd   Thumb Code     0  libshutdown.o(.ARM.Collect$$libshutdown$$00000000)
    __rt_lib_shutdown_fp_trap_1              0x000002ff   Thumb Code     0  libshutdown2.o(.ARM.Collect$$libshutdown$$00000006)
    __rt_lib_shutdown_heap_1                 0x000002ff   Thumb Code     0  libshutdown2.o(.ARM.Collect$$libshutdown$$0000000E)
    __rt_lib_shutdown_return                 0x000002ff   Thumb Code     0  libshutdown2.o(.ARM.Collect$$libshutdown$$0000000F)
    __rt_lib_shutdown_signal_1               0x000002ff   Thumb Code     0  libshutdown2.o(.ARM.Collect$$libshutdown$$00000009)
    __rt_lib_shutdown_stdio_1                0x000002ff   Thumb Code     0  libshutdown2.o(.ARM.Collect$$libshutdown$$00000003)
    __rt_lib_shutdown_user_alloc_1           0x000002ff   Thumb Code     0  libshutdown2.o(.ARM.Collect$$libshutdown$$0000000B)
    __rt_entry                               0x00000301   Thumb Code     0  rtentry.o(.ARM.Collect$$rtentry$$00000000)
    __rt_entry_presh_1                       0x00000301   Thumb Code     0  rtentry2.o(.ARM.Collect$$rtentry$$00000002)
    __rt_entry_sh                            0x00000301   Thumb Code     0  rtentry4.o(.ARM.Collect$$rtentry$$00000004)
    __rt_entry_li                            0x00000307   Thumb Code     0  rtentry2.o(.ARM.Collect$$rtentry$$0000000A)
    __rt_entry_postsh_1                      0x00000307   Thumb Code     0  rtentry2.o(.ARM.Collect$$rtentry$$00000009)
    __rt_entry_main                          0x0000030b   Thumb Code     0  rtentry2.o(.ARM.Collect$$rtentry$$0000000D)
    __rt_entry_postli_1                      0x0000030b   Thumb Code     0  rtentry2.o(.ARM.Collect$$rtentry$$0000000C)
    __rt_exit                                0x00000313   Thumb Code     0  rtexit.o(.ARM.Collect$$rtexit$$00000000)
    __rt_exit_ls                             0x00000315   Thumb Code     0  rtexit2.o(.ARM.Collect$$rtexit$$00000003)
    __rt_exit_prels_1                        0x00000315   Thumb Code     0  rtexit2.o(.ARM.Collect$$rtexit$$00000002)
    __rt_exit_exit                           0x00000319   Thumb Code     0  rtexit2.o(.ARM.Collect$$rtexit$$00000004)
    DisableInterrupts                        0x00000321   Thumb Code     0  startup.o(.text)
    EnableInterrupts                         0x00000325   Thumb Code     0  startup.o(.text)
    StartCritical                            0x00000329   Thumb Code     0  startup.o(.text)
    EndCritical                              0x00000331   Thumb Code     0  startup.o(.text)
    WaitForInterrupt                         0x00000337   Thumb Code     0  startup.o(.text)
    __user_initial_stackheap                 0x0000033b   Thumb Code     0  startup.o(.text)
    Random_Init                              0x00000351   Thumb Code     0  random.o(.text)
    Random32                                 0x00000357   Thumb Code     2  random.o(.text)
    Random                                   0x00000369   Thumb Code     2  random.o(.text)
    writecommand                             0x0000038d   Thumb Code     0  lcd.o(.text)
    writedata                                0x000003b3   Thumb Code     0  lcd.o(.text)
    LCD_OutDec                               0x000003d9   Thumb Code     0  print.o(.text)
    LCD_OutFix                               0x00000613   Thumb Code     0  print.o(.text)
    ADC1_Init                                0x000006fd   Thumb Code   170  texas.o(.text)
    SetCode                                  0x000007a7   Thumb Code    20  texas.o(.text)
    UART0_Init                               0x000007bb   Thumb Code   162  texas.o(.text)
    SetCourse                                0x0000085d   Thumb Code    22  texas.o(.text)
    PLL_Init                                 0x00000873   Thumb Code   118  texas.o(.text)
    TExaS_Init                               0x000008e9   Thumb Code   282  texas.o(.text)
    StopTimer4                               0x00000a03   Thumb Code    16  texas.o(.text)
    StartTimer4                              0x00000a13   Thumb Code    24  texas.o(.text)
    Timer4A_Handler                          0x00000a2b   Thumb Code    20  texas.o(.text)
    ADC1_In                                  0x00000a3f   Thumb Code     6  texas.o(.text)
    Timer5A_Handler                          0x00000a45   Thumb Code    34  texas.o(.text)
    TExaS_Stop                               0x00000a67   Thumb Code    18  texas.o(.text)
    copy                                     0x00000a79   Thumb Code    16  texas.o(.text)
    SetMode                                  0x00000a89   Thumb Code    22  texas.o(.text)
    UART0_InChar                             0x00000a9f   Thumb Code    20  texas.o(.text)
    UART0_InCharNonBlocking                  0x00000ab3   Thumb Code    22  texas.o(.text)
    UART0_OutChar                            0x00000ac9   Thumb Code   200  texas.o(.text)
    UART0_OutCharNonBlock                    0x00000b91   Thumb Code     6  texas.o(.text)
    __use_two_region_memory                  0x00000b9d   Thumb Code     2  heapauxi.o(.text)
    __rt_heap_escrow$2region                 0x00000b9f   Thumb Code     2  heapauxi.o(.text)
    __rt_heap_expand$2region                 0x00000ba1   Thumb Code     2  heapauxi.o(.text)
    __user_setup_stackheap                   0x00000ba3   Thumb Code    74  sys_stackheap_outer.o(.text)
    exit                                     0x00000bed   Thumb Code    12  exit.o(.text)
    __user_libspace                          0x00000bf9   Thumb Code     8  libspace.o(.text)
    __user_perproc_libspace                  0x00000bf9   Thumb Code     0  libspace.o(.text)
    __user_perthread_libspace                0x00000bf9   Thumb Code     0  libspace.o(.text)
    _sys_exit                                0x00000c01   Thumb Code     8  sys_exit.o(.text)
    __I$use$semihosting                      0x00000c0d   Thumb Code     0  use_no_semi.o(.text)
    __use_no_semihosting_swi                 0x00000c0d   Thumb Code     2  use_no_semi.o(.text)
    __semihosting_library_function           0x00000c0f   Thumb Code     0  indicate_semi.o(.text)
    ADC_In                                   0x00000c11   Thumb Code    38  adc.o(i.ADC_In)
    ADC_Init                                 0x00000c41   Thumb Code   232  adc.o(i.ADC_Init)
    Check_Cursor                             0x00000d41   Thumb Code    80  spaceinvaders.o(i.Check_Cursor)
    Check_GameOver                           0x00000d9d   Thumb Code    40  spaceinvaders.o(i.Check_GameOver)
    Check_Winner                             0x00000dd5   Thumb Code   168  spaceinvaders.o(i.Check_Winner)
    Convert                                  0x00000ead   Thumb Code    30  spaceinvaders.o(i.Convert)
    Cursor_Init                              0x00000ecd   Thumb Code    16  spaceinvaders.o(i.Cursor_Init)
    DAC_Init                                 0x00000ee1   Thumb Code    62  dac.o(i.DAC_Init)
    DAC_Out                                  0x00000f2d   Thumb Code     8  dac.o(i.DAC_Out)
    Deck_Init                                0x00000f39   Thumb Code   140  spaceinvaders.o(i.Deck_Init)
    Delay1ms                                 0x00000fcd   Thumb Code    32  st7735.o(i.Delay1ms)
    Edge_Init                                0x00000fed   Thumb Code    96  spaceinvaders.o(i.Edge_Init)
    Flip_Cards                               0x0000105d   Thumb Code    92  spaceinvaders.o(i.Flip_Cards)
    GPIOPortE_Handler                        0x000010d5   Thumb Code    40  spaceinvaders.o(i.GPIOPortE_Handler)
    Move_Down                                0x00001109   Thumb Code   168  spaceinvaders.o(i.Move_Down)
    Move_Middle                              0x000011d1   Thumb Code    86  spaceinvaders.o(i.Move_Middle)
    Move_OffScreen                           0x00001245   Thumb Code   460  spaceinvaders.o(i.Move_OffScreen)
    Output_Init                              0x00001441   Thumb Code    16  st7735.o(i.Output_Init)
    Player_Init                              0x00001451   Thumb Code   144  spaceinvaders.o(i.Player_Init)
    PortE_Init                               0x00001509   Thumb Code    78  spaceinvaders.o(i.PortE_Init)
    ST7735_Color565                          0x00001565   Thumb Code    24  st7735.o(i.ST7735_Color565)
    ST7735_DrawBitmap                        0x0000157d   Thumb Code   280  st7735.o(i.ST7735_DrawBitmap)
    ST7735_DrawCharS                         0x0000169d   Thumb Code   232  st7735.o(i.ST7735_DrawCharS)
    ST7735_DrawPixel                         0x00001791   Thumb Code    64  st7735.o(i.ST7735_DrawPixel)
    ST7735_DrawString                        0x000017d9   Thumb Code    86  st7735.o(i.ST7735_DrawString)
    ST7735_FillRect                          0x00001831   Thumb Code   164  st7735.o(i.ST7735_FillRect)
    ST7735_FillScreen                        0x000018dd   Thumb Code    28  st7735.o(i.ST7735_FillScreen)
    ST7735_InitR                             0x00001901   Thumb Code    90  st7735.o(i.ST7735_InitR)
    ST7735_OutChar                           0x0000197d   Thumb Code   202  st7735.o(i.ST7735_OutChar)
    ST7735_OutString                         0x00001a6d   Thumb Code    24  st7735.o(i.ST7735_OutString)
    ST7735_SetCursor                         0x00001a85   Thumb Code    22  st7735.o(i.ST7735_SetCursor)
    ST7735_SetTextColor                      0x00001aa5   Thumb Code     6  st7735.o(i.ST7735_SetTextColor)
    Select_Card                              0x00001ab1   Thumb Code   232  spaceinvaders.o(i.Select_Card)
    Sound_Beep                               0x00001bc9   Thumb Code    14  sound.o(i.Sound_Beep)
    Sound_CardFlip                           0x00001bdd   Thumb Code    14  sound.o(i.Sound_CardFlip)
    Sound_Click                              0x00001bf1   Thumb Code    14  sound.o(i.Sound_Click)
    Sound_Init                               0x00001c05   Thumb Code    16  sound.o(i.Sound_Init)
    Sound_Lose                               0x00001c15   Thumb Code    14  sound.o(i.Sound_Lose)
    Sound_Play                               0x00001c29   Thumb Code    22  sound.o(i.Sound_Play)
    Sound_Win                                0x00001c51   Thumb Code    14  sound.o(i.Sound_Win)
    Spawn_Card                               0x00001c65   Thumb Code   260  spaceinvaders.o(i.Spawn_Card)
    Timer0A_Handler                          0x00001d95   Thumb Code    16  timer0.o(i.Timer0A_Handler)
    Timer0_Init                              0x00001dad   Thumb Code    76  timer0.o(i.Timer0_Init)
    Timer1A_Handler                          0x00001e0d   Thumb Code    58  sound.o(i.Timer1A_Handler)
    Timer1_Init                              0x00001e59   Thumb Code    72  timer1.o(i.Timer1_Init)
    UART_InChar                              0x00001eb1   Thumb Code    20  uart.o(i.UART_InChar)
    UART_Init                                0x00001ec9   Thumb Code   280  uart.o(i.UART_Init)
    UART_OutChar                             0x00001ff5   Thumb Code    18  uart.o(i.UART_OutChar)
    Update_Board                             0x0000200d   Thumb Code  1424  spaceinvaders.o(i.Update_Board)
    main                                     0x0000278d   Thumb Code   168  spaceinvaders.o(i.main)
    CardFlip                                 0x000028d4   Data        6502  sound.o(.constdata)
    FlipBeep                                 0x0000423a   Data        1654  sound.o(.constdata)
    Click                                    0x000048b0   Data        1615  sound.o(.constdata)
    Win                                      0x00004eff   Data        3354  sound.o(.constdata)
    Lose                                     0x00005c19   Data        2922  sound.o(.constdata)
    Cheer                                    0x00006783   Data       13960  sound.o(.constdata)
    Swoosh                                   0x00009e0b   Data       20795  sound.o(.constdata)
    Fail                                     0x0000ef46   Data       20736  sound.o(.constdata)
    Beep                                     0x00014046   Data        1491  sound.o(.constdata)
    Two                                      0x0001461a   Data        2240  spaceinvaders.o(.constdata)
    Three                                    0x00014eda   Data        2240  spaceinvaders.o(.constdata)
    Four                                     0x0001579a   Data        2240  spaceinvaders.o(.constdata)
    Five                                     0x0001605a   Data        2240  spaceinvaders.o(.constdata)
    Six                                      0x0001691a   Data        2240  spaceinvaders.o(.constdata)
    Seven                                    0x000171da   Data        2240  spaceinvaders.o(.constdata)
    Eight                                    0x00017a9a   Data        2240  spaceinvaders.o(.constdata)
    Nine                                     0x0001835a   Data        2240  spaceinvaders.o(.constdata)
    Ten                                      0x00018c1a   Data        2240  spaceinvaders.o(.constdata)
    Jack                                     0x000194da   Data        2240  spaceinvaders.o(.constdata)
    Queen                                    0x00019d9a   Data        2240  spaceinvaders.o(.constdata)
    King                                     0x0001a65a   Data        2240  spaceinvaders.o(.constdata)
    Ace                                      0x0001af1a   Data        2240  spaceinvaders.o(.constdata)
    Back                                     0x0001b7da   Data        2240  spaceinvaders.o(.constdata)
    cursor                                   0x0001c09a   Data         300  spaceinvaders.o(.constdata)
    Menu                                     0x0001c1c6   Data       40960  spaceinvaders.o(.constdata)
    dBfs                                     0x000267a8   Data         512  st7735.o(.constdata)
    InputPortMsg                             0x000269a8   Data          40  texas.o(.constdata)
    OutputPortMsg                            0x000269d0   Data          40  texas.o(.constdata)
    BlankMsg                                 0x000269f8   Data          40  texas.o(.constdata)
    InitializedMsg                           0x00026a20   Data          40  texas.o(.constdata)
    IntroMsg                                 0x00026a48   Data          40  texas.o(.constdata)
    DoneMsg                                  0x00026a70   Data          40  texas.o(.constdata)
    Region$$Table$$Base                      0x00026a98   Number         0  anon$$obj.o(Region$$Table)
    Region$$Table$$Limit                     0x00026ab8   Number         0  anon$$obj.o(Region$$Table)
    PeriodicTask0                            0x20000000   Data           4  timer0.o(.data)
    SoundIndex                               0x20000004   Data           4  sound.o(.data)
    SoundCount                               0x20000008   Data           4  sound.o(.data)
    CurrSound                                0x2000000c   Data           4  sound.o(.data)
    UserIndex                                0x20000010   Data           1  spaceinvaders.o(.data)
    OpponentIndex                            0x20000011   Data           1  spaceinvaders.o(.data)
    GameOver                                 0x20000012   Data           1  spaceinvaders.o(.data)
    CursorChanged                            0x20000013   Data           1  spaceinvaders.o(.data)
    CurrentCursor                            0x20000014   Data           1  spaceinvaders.o(.data)
    SelectButton                             0x20000015   Data           1  spaceinvaders.o(.data)
    FlipButton                               0x20000016   Data           1  spaceinvaders.o(.data)
    RandomNum                                0x20000018   Data           4  spaceinvaders.o(.data)
    Tie                                      0x2000001c   Data           1  spaceinvaders.o(.data)
    PlayerWins                               0x2000001d   Data           1  spaceinvaders.o(.data)
    OpponentWins                             0x2000001e   Data           1  spaceinvaders.o(.data)
    NoOneWins                                0x2000001f   Data           1  spaceinvaders.o(.data)
    MoveDownFlag                             0x20000020   Data           1  spaceinvaders.o(.data)
    MoveMiddleFlag                           0x20000021   Data           1  spaceinvaders.o(.data)
    FlippedFlag                              0x20000022   Data           1  spaceinvaders.o(.data)
    CheckWinnerFlag                          0x20000023   Data           1  spaceinvaders.o(.data)
    EndTurn                                  0x20000024   Data           1  spaceinvaders.o(.data)
    SoundPlayed                              0x20000025   Data           1  spaceinvaders.o(.data)
    SpawnedCardFlag                          0x20000026   Data           1  spaceinvaders.o(.data)
    ScoreChanged                             0x20000027   Data           1  spaceinvaders.o(.data)
    ScoreChanged2                            0x20000028   Data           1  spaceinvaders.o(.data)
    SCMoveDown                               0x20000029   Data           1  spaceinvaders.o(.data)
    SCMoveRight                              0x2000002a   Data           1  spaceinvaders.o(.data)
    SCMoveLeft                               0x2000002b   Data           1  spaceinvaders.o(.data)
    OCMoveRight                              0x2000002c   Data           1  spaceinvaders.o(.data)
    OCMoveLeft                               0x2000002d   Data           1  spaceinvaders.o(.data)
    LastFlagOMG                              0x2000002e   Data           1  spaceinvaders.o(.data)
    SelectSound                              0x2000002f   Data           1  spaceinvaders.o(.data)
    MultiplayerMode                          0x20000030   Data           1  spaceinvaders.o(.data)
    images                                   0x20000034   Data          52  spaceinvaders.o(.data)
    TableStatus                              0x20000068   Data           3  spaceinvaders.o(.data)
    LeftIndex                                0x2000006b   Data           1  spaceinvaders.o(.data)
    RightIndex                               0x2000006c   Data           1  spaceinvaders.o(.data)
    MiddleIndex                              0x2000006d   Data           1  spaceinvaders.o(.data)
    StX                                      0x20000070   Data           4  st7735.o(.data)
    StY                                      0x20000074   Data           4  st7735.o(.data)
    StTextColor                              0x20000078   Data           2  st7735.o(.data)
    lastj                                    0x20000080   Data           4  st7735.o(.data)
    Messageindex                             0x20000088   Data           4  st7735.o(.data)
    Ymax                                     0x2000008c   Data           4  st7735.o(.data)
    Ymin                                     0x20000090   Data           4  st7735.o(.data)
    X                                        0x20000094   Data           4  st7735.o(.data)
    Yrange                                   0x20000098   Data           4  st7735.o(.data)
    TExaS_Period                             0x2000009c   Data           4  texas.o(.data)
    TExaS_Ports                              0x200000a0   Data           8  texas.o(.data)
    TExaS_Meter                              0x200000a8   Data           4  texas.o(.data)
    ADCnum                                   0x200000ac   Data           4  texas.o(.data)
    LastMode                                 0x200000b0   Data           4  texas.o(.data)
    bFlag                                    0x200000b4   Data           4  texas.o(.data)
    Count                                    0x200000b8   Data           4  texas.o(.data)
    DelayBetweenTests                        0x200000bc   Data           4  texas.o(.data)
    TExaS_Test                               0x200000c0   Data           4  texas.o(.data)
    ScopeMode                                0x200000c4   Data           4  texas.o(.data)
    ScopeCount                               0x200000c8   Data           4  texas.o(.data)
    Deck                                     0x200000d0   Data         832  spaceinvaders.o(.bss)
    SelectedCard                             0x20000410   Data          16  spaceinvaders.o(.bss)
    Player                                   0x20000420   Data         840  spaceinvaders.o(.bss)
    Cursor                                   0x20000768   Data          12  spaceinvaders.o(.bss)
    TExaS                                    0x20000778   Data          56  texas.o(.bss)
    __libspace_start                         0x200007b0   Data          96  libspace.o(.bss)
    __temporary_stack_top$libspace           0x20000810   Data           0  libspace.o(.bss)



==============================================================================

Memory Map of the image

  Image Entry point : 0x0000026d

  Load Region LR_1 (Base: 0x00000000, Size: 0x00026b88, Max: 0xffffffff, ABSOLUTE)

    Execution Region ER_RO (Base: 0x00000000, Size: 0x00026ab8, Max: 0xffffffff, ABSOLUTE)

    Base Addr    Size         Type   Attr      Idx    E Section Name        Object

    0x00000000   0x00000284   Code   RO            3  * RESET               startup.o
    0x00000284   0x00000008   Code   RO          619  * !!!main             c_w.l(__main.o)
    0x0000028c   0x00000034   Code   RO          773    !!!scatter          c_w.l(__scatter.o)
    0x000002c0   0x0000001a   Code   RO          775    !!handler_copy      c_w.l(__scatter_copy.o)
    0x000002da   0x00000002   PAD
    0x000002dc   0x0000001c   Code   RO          777    !!handler_zi        c_w.l(__scatter_zi.o)
    0x000002f8   0x00000002   Code   RO          646    .ARM.Collect$$libinit$$00000000  c_w.l(libinit.o)
    0x000002fa   0x00000000   Code   RO          653    .ARM.Collect$$libinit$$00000002  c_w.l(libinit2.o)
    0x000002fa   0x00000000   Code   RO          656    .ARM.Collect$$libinit$$00000008  c_w.l(libinit2.o)
    0x000002fa   0x00000000   Code   RO          658    .ARM.Collect$$libinit$$0000000A  c_w.l(libinit2.o)
    0x000002fa   0x00000000   Code   RO          660    .ARM.Collect$$libinit$$0000000C  c_w.l(libinit2.o)
    0x000002fa   0x00000000   Code   RO          663    .ARM.Collect$$libinit$$0000000F  c_w.l(libinit2.o)
    0x000002fa   0x00000000   Code   RO          665    .ARM.Collect$$libinit$$00000011  c_w.l(libinit2.o)
    0x000002fa   0x00000000   Code   RO          667    .ARM.Collect$$libinit$$00000013  c_w.l(libinit2.o)
    0x000002fa   0x00000000   Code   RO          669    .ARM.Collect$$libinit$$00000015  c_w.l(libinit2.o)
    0x000002fa   0x00000000   Code   RO          671    .ARM.Collect$$libinit$$00000017  c_w.l(libinit2.o)
    0x000002fa   0x00000000   Code   RO          673    .ARM.Collect$$libinit$$00000019  c_w.l(libinit2.o)
    0x000002fa   0x00000000   Code   RO          675    .ARM.Collect$$libinit$$0000001B  c_w.l(libinit2.o)
    0x000002fa   0x00000000   Code   RO          677    .ARM.Collect$$libinit$$0000001D  c_w.l(libinit2.o)
    0x000002fa   0x00000000   Code   RO          679    .ARM.Collect$$libinit$$0000001F  c_w.l(libinit2.o)
    0x000002fa   0x00000000   Code   RO          681    .ARM.Collect$$libinit$$00000021  c_w.l(libinit2.o)
    0x000002fa   0x00000000   Code   RO          683    .ARM.Collect$$libinit$$00000023  c_w.l(libinit2.o)
    0x000002fa   0x00000000   Code   RO          687    .ARM.Collect$$libinit$$0000002A  c_w.l(libinit2.o)
    0x000002fa   0x00000000   Code   RO          689    .ARM.Collect$$libinit$$0000002C  c_w.l(libinit2.o)
    0x000002fa   0x00000000   Code   RO          691    .ARM.Collect$$libinit$$0000002E  c_w.l(libinit2.o)
    0x000002fa   0x00000000   Code   RO          693    .ARM.Collect$$libinit$$00000030  c_w.l(libinit2.o)
    0x000002fa   0x00000002   Code   RO          694    .ARM.Collect$$libinit$$00000031  c_w.l(libinit2.o)
    0x000002fc   0x00000002   Code   RO          714    .ARM.Collect$$libshutdown$$00000000  c_w.l(libshutdown.o)
    0x000002fe   0x00000000   Code   RO          728    .ARM.Collect$$libshutdown$$00000003  c_w.l(libshutdown2.o)
    0x000002fe   0x00000000   Code   RO          731    .ARM.Collect$$libshutdown$$00000006  c_w.l(libshutdown2.o)
    0x000002fe   0x00000000   Code   RO          734    .ARM.Collect$$libshutdown$$00000009  c_w.l(libshutdown2.o)
    0x000002fe   0x00000000   Code   RO          736    .ARM.Collect$$libshutdown$$0000000B  c_w.l(libshutdown2.o)
    0x000002fe   0x00000000   Code   RO          739    .ARM.Collect$$libshutdown$$0000000E  c_w.l(libshutdown2.o)
    0x000002fe   0x00000002   Code   RO          740    .ARM.Collect$$libshutdown$$0000000F  c_w.l(libshutdown2.o)
    0x00000300   0x00000000   Code   RO          621    .ARM.Collect$$rtentry$$00000000  c_w.l(rtentry.o)
    0x00000300   0x00000000   Code   RO          623    .ARM.Collect$$rtentry$$00000002  c_w.l(rtentry2.o)
    0x00000300   0x00000006   Code   RO          635    .ARM.Collect$$rtentry$$00000004  c_w.l(rtentry4.o)
    0x00000306   0x00000000   Code   RO          625    .ARM.Collect$$rtentry$$00000009  c_w.l(rtentry2.o)
    0x00000306   0x00000004   Code   RO          626    .ARM.Collect$$rtentry$$0000000A  c_w.l(rtentry2.o)
    0x0000030a   0x00000000   Code   RO          628    .ARM.Collect$$rtentry$$0000000C  c_w.l(rtentry2.o)
    0x0000030a   0x00000008   Code   RO          629    .ARM.Collect$$rtentry$$0000000D  c_w.l(rtentry2.o)
    0x00000312   0x00000002   Code   RO          650    .ARM.Collect$$rtexit$$00000000  c_w.l(rtexit.o)
    0x00000314   0x00000000   Code   RO          696    .ARM.Collect$$rtexit$$00000002  c_w.l(rtexit2.o)
    0x00000314   0x00000004   Code   RO          697    .ARM.Collect$$rtexit$$00000003  c_w.l(rtexit2.o)
    0x00000318   0x00000006   Code   RO          698    .ARM.Collect$$rtexit$$00000004  c_w.l(rtexit2.o)
    0x0000031e   0x00000002   PAD
    0x00000320   0x00000030   Code   RO            4    .text               startup.o
    0x00000350   0x0000003c   Code   RO           13    .text               random.o
    0x0000038c   0x0000004c   Code   RO          165    .text               lcd.o
    0x000003d8   0x00000324   Code   RO          168    .text               print.o
    0x000006fc   0x000004a0   Code   RO          598    .text               texas.o
    0x00000b9c   0x00000006   Code   RO          617    .text               c_w.l(heapauxi.o)
    0x00000ba2   0x0000004a   Code   RO          637    .text               c_w.l(sys_stackheap_outer.o)
    0x00000bec   0x0000000c   Code   RO          639    .text               c_w.l(exit.o)
    0x00000bf8   0x00000008   Code   RO          647    .text               c_w.l(libspace.o)
    0x00000c00   0x0000000c   Code   RO          706    .text               c_w.l(sys_exit.o)
    0x00000c0c   0x00000002   Code   RO          717    .text               c_w.l(use_no_semi.o)
    0x00000c0e   0x00000000   Code   RO          719    .text               c_w.l(indicate_semi.o)
    0x00000c0e   0x00000002   PAD
    0x00000c10   0x00000030   Code   RO           41    i.ADC_In            adc.o
    0x00000c40   0x00000100   Code   RO           42    i.ADC_Init          adc.o
    0x00000d40   0x0000005c   Code   RO          171    i.Check_Cursor      spaceinvaders.o
    0x00000d9c   0x00000038   Code   RO          172    i.Check_GameOver    spaceinvaders.o
    0x00000dd4   0x000000d8   Code   RO          173    i.Check_Winner      spaceinvaders.o
    0x00000eac   0x0000001e   Code   RO          174    i.Convert           spaceinvaders.o
    0x00000eca   0x00000002   PAD
    0x00000ecc   0x00000014   Code   RO          175    i.Cursor_Init       spaceinvaders.o
    0x00000ee0   0x0000004c   Code   RO           16    i.DAC_Init          dac.o
    0x00000f2c   0x0000000c   Code   RO           17    i.DAC_Out           dac.o
    0x00000f38   0x00000094   Code   RO          176    i.Deck_Init         spaceinvaders.o
    0x00000fcc   0x00000020   Code   RO          305    i.Delay1ms          st7735.o
    0x00000fec   0x00000070   Code   RO          178    i.Edge_Init         spaceinvaders.o
    0x0000105c   0x00000078   Code   RO          179    i.Flip_Cards        spaceinvaders.o
    0x000010d4   0x00000034   Code   RO          180    i.GPIOPortE_Handler  spaceinvaders.o
    0x00001108   0x000000c8   Code   RO          181    i.Move_Down         spaceinvaders.o
    0x000011d0   0x00000074   Code   RO          182    i.Move_Middle       spaceinvaders.o
    0x00001244   0x000001fc   Code   RO          183    i.Move_OffScreen    spaceinvaders.o
    0x00001440   0x00000010   Code   RO          308    i.Output_Init       st7735.o
    0x00001450   0x000000b8   Code   RO          184    i.Player_Init       spaceinvaders.o
    0x00001508   0x0000005c   Code   RO          185    i.PortE_Init        spaceinvaders.o
    0x00001564   0x00000018   Code   RO          311    i.ST7735_Color565   st7735.o
    0x0000157c   0x00000120   Code   RO          312    i.ST7735_DrawBitmap  st7735.o
    0x0000169c   0x000000f4   Code   RO          314    i.ST7735_DrawCharS  st7735.o
    0x00001790   0x00000048   Code   RO          317    i.ST7735_DrawPixel  st7735.o
    0x000017d8   0x00000056   Code   RO          318    i.ST7735_DrawString  st7735.o
    0x0000182e   0x00000002   PAD
    0x00001830   0x000000ac   Code   RO          319    i.ST7735_FillRect   st7735.o
    0x000018dc   0x00000024   Code   RO          320    i.ST7735_FillScreen  st7735.o
    0x00001900   0x0000007c   Code   RO          322    i.ST7735_InitR      st7735.o
    0x0000197c   0x000000f0   Code   RO          324    i.ST7735_OutChar    st7735.o
    0x00001a6c   0x00000018   Code   RO          325    i.ST7735_OutString  st7735.o
    0x00001a84   0x00000020   Code   RO          335    i.ST7735_SetCursor  st7735.o
    0x00001aa4   0x0000000c   Code   RO          337    i.ST7735_SetTextColor  st7735.o
    0x00001ab0   0x00000118   Code   RO          186    i.Select_Card       spaceinvaders.o
    0x00001bc8   0x00000014   Code   RO           92    i.Sound_Beep        sound.o
    0x00001bdc   0x00000014   Code   RO           93    i.Sound_CardFlip    sound.o
    0x00001bf0   0x00000014   Code   RO           94    i.Sound_Click       sound.o
    0x00001c04   0x00000010   Code   RO           95    i.Sound_Init        sound.o
    0x00001c14   0x00000014   Code   RO           96    i.Sound_Lose        sound.o
    0x00001c28   0x00000028   Code   RO           97    i.Sound_Play        sound.o
    0x00001c50   0x00000014   Code   RO           99    i.Sound_Win         sound.o
    0x00001c64   0x00000130   Code   RO          187    i.Spawn_Card        spaceinvaders.o
    0x00001d94   0x00000018   Code   RO           59    i.Timer0A_Handler   timer0.o
    0x00001dac   0x00000060   Code   RO           60    i.Timer0_Init       timer0.o
    0x00001e0c   0x0000004c   Code   RO          100    i.Timer1A_Handler   sound.o
    0x00001e58   0x00000058   Code   RO           80    i.Timer1_Init       timer1.o
    0x00001eb0   0x00000018   Code   RO          571    i.UART_InChar       uart.o
    0x00001ec8   0x0000012c   Code   RO          572    i.UART_Init         uart.o
    0x00001ff4   0x00000018   Code   RO          573    i.UART_OutChar      uart.o
    0x0000200c   0x000005a4   Code   RO          188    i.Update_Board      spaceinvaders.o
    0x000025b0   0x00000056   Code   RO          339    i.commandList       st7735.o
    0x00002606   0x00000002   PAD
    0x00002608   0x00000184   Code   RO          340    i.commonInit        st7735.o
    0x0000278c   0x000000c0   Code   RO          189    i.main              spaceinvaders.o
    0x0000284c   0x00000012   Code   RO          345    i.pushColor         st7735.o
    0x0000285e   0x00000002   PAD
    0x00002860   0x00000074   Code   RO          346    i.setAddrWindow     st7735.o
    0x000028d4   0x00011d45   Data   RO          101    .constdata          sound.o
    0x00014619   0x00000001   PAD
    0x0001461a   0x00011bac   Data   RO          191    .constdata          spaceinvaders.o
    0x000261c6   0x000007e2   Data   RO          348    .constdata          st7735.o
    0x000269a8   0x000000f0   Data   RO          600    .constdata          texas.o
    0x00026a98   0x00000020   Data   RO          771    Region$$Table       anon$$obj.o


    Execution Region ER_RW (Base: 0x20000000, Size: 0x000000d0, Max: 0xffffffff, ABSOLUTE)

    Base Addr    Size         Type   Attr      Idx    E Section Name        Object

    0x20000000   0x00000004   Data   RW           61    .data               timer0.o
    0x20000004   0x0000000c   Data   RW          102    .data               sound.o
    0x20000010   0x0000005e   Data   RW          192    .data               spaceinvaders.o
    0x2000006e   0x00000002   PAD
    0x20000070   0x0000002c   Data   RW          349    .data               st7735.o
    0x2000009c   0x00000030   Data   RW          601    .data               texas.o
    0x200000cc   0x00000004   Data   RW           12    DATA                random.o


    Execution Region ER_ZI (Base: 0x200000d0, Size: 0x00000b40, Max: 0xffffffff, ABSOLUTE)

    Base Addr    Size         Type   Attr      Idx    E Section Name        Object

    0x200000d0   0x000006a4   Zero   RW          190    .bss                spaceinvaders.o
    0x20000774   0x00000004   PAD
    0x20000778   0x00000038   Zero   RW          599    .bss                texas.o
    0x200007b0   0x00000060   Zero   RW          648    .bss                c_w.l(libspace.o)
    0x20000810   0x00000000   Zero   RW            2    HEAP                startup.o
    0x20000810   0x00000400   Zero   RW            1    STACK               startup.o


==============================================================================

Image component sizes


      Code (inc. data)   RO Data    RW Data    ZI Data      Debug   Object Name

       304         34          0          0          0       1152   adc.o
        88         18          0          0          0       5329   dac.o
        76         12          0          0          0        204   lcd.o
       804          2          0          0          0        412   print.o
        60         14          0          4          0        204   random.o
       232         66      73029         12          0       4027   sound.o
      4166        624      72620         94       1700      12480   spaceinvaders.o
      2010        190       2018         44          0      13228   st7735.o
       692        632          0          0       1024        908   startup.o
      1184        188        240         48         56      14668   texas.o
       120         28          0          4          0       1320   timer0.o
        88         16          0          0          0        422   timer1.o
       348         30          0          0          0       1601   uart.o

    ----------------------------------------------------------------------
     10180       1854     147940        208       2784      55955   Object Totals
         0          0         32          0          0          0   (incl. Generated)
         8          0          1          2          4          0   (incl. Padding)

    ----------------------------------------------------------------------

      Code (inc. data)   RO Data    RW Data    ZI Data      Debug   Library Member Name

         8          0          0          0          0         68   __main.o
        52          8          0          0          0          0   __scatter.o
        26          0          0          0          0          0   __scatter_copy.o
        28          0          0          0          0          0   __scatter_zi.o
        12          0          0          0          0         72   exit.o
         6          0          0          0          0        152   heapauxi.o
         0          0          0          0          0          0   indicate_semi.o
         2          0          0          0          0          0   libinit.o
         2          0          0          0          0          0   libinit2.o
         2          0          0          0          0          0   libshutdown.o
         2          0          0          0          0          0   libshutdown2.o
         8          4          0          0         96         68   libspace.o
         0          0          0          0          0          0   rtentry.o
        12          0          0          0          0          0   rtentry2.o
         6          0          0          0          0          0   rtentry4.o
         2          0          0          0          0          0   rtexit.o
        10          0          0          0          0          0   rtexit2.o
        12          4          0          0          0         68   sys_exit.o
        74          0          0          0          0         80   sys_stackheap_outer.o
         2          0          0          0          0         68   use_no_semi.o

    ----------------------------------------------------------------------
       272         16          0          0         96        576   Library Totals
         6          0          0          0          0          0   (incl. Padding)

    ----------------------------------------------------------------------

      Code (inc. data)   RO Data    RW Data    ZI Data      Debug   Library Name

       266         16          0          0         96        576   c_w.l

    ----------------------------------------------------------------------
       272         16          0          0         96        576   Library Totals

    ----------------------------------------------------------------------

==============================================================================


      Code (inc. data)   RO Data    RW Data    ZI Data      Debug   

     10452       1870     147940        208       2880      53411   Grand Totals
     10452       1870     147940        208       2880      53411   ELF Image Totals
     10452       1870     147940        208          0          0   ROM Totals

==============================================================================

    Total RO  Size (Code + RO Data)               158392 ( 154.68kB)
    Total RW  Size (RW Data + ZI Data)              3088 (   3.02kB)
    Total ROM Size (Code + RO Data + RW Data)     158600 ( 154.88kB)

==============================================================================

